    OpenRGB v0.9+ (1.0rc3.1-fixed.3)
    Commit: a34358014701c39107f08eb03d52ca1c3b46f733 from 2026-09-16 20:45:18 -0700
    Launched: 20260916_211051
====================================================================================================

1     |Info:    [ProfileManager] Found file: Main.orp attempting to validate header
1     |Info:    [ProfileManager] Valid v5 profile found for Main
21    |Debug:   [ResourceManager] Attempting local server connection...
40    |Debug:   [LogManager] dialog show callback registered
276   |Debug:   [Settings] Changed Language to System Default from the default file

5024  |Debug:   [ResourceManager] Running standalone
5025  |Debug:   [ResourceManager] Closing HID interfaces: Success
5026  |Info:    [ResourceManager] Initializing HID interfaces: Success
5026  |Info:    ------------------------------------------------------
5026  |Info:    |               Start device detection               |
5026  |Info:    ------------------------------------------------------
5186  |Info:    ------------------------------------------------------
5186  |Info:    |             Detecting I2C interfaces               |
5186  |Info:    ------------------------------------------------------
5205  |Info:    [ResourceManager] Registering I2C interface: Nvidia NvAPI I2C on GPU 0 Device 10DE:2684 Subsystem: 10DE:165B
5205  |Info:    Start PawnIO: SmbusI801.bin
5207  |Info:    PawnIO initialized successully
5207  |Info:    [ResourceManager] Registering I2C interface: i801 Device 8086:7A23 Subsystem: 1043:8882
5207  |Info:    Start PawnIO: SmbusPIIX4.bin
5209  |Info:    PawnIO module initialization aborted (unsupported)
5209  |Info:    Start PawnIO: SmbusPIIX4.bin
5210  |Info:    PawnIO module initialization aborted (unsupported)
5210  |Info:    Start PawnIO: SmbusNCT6793.bin
5211  |Info:    PawnIO initialized successully
5211  |Info:    [ResourceManager] Registering I2C interface: NCT6796 Device FFFF:FFFF Subsystem: FFFF:FFFF
5211  |Info:    Start PawnIO: SmbusIntelSkylakeIMC.bin
5211  |ERROR:   PawnIO module initialization aborted (code=-2147024841)
5212  |Info:    Start PawnIO: SmbusIntelSkylakeIMC.bin
5212  |ERROR:   PawnIO module initialization aborted (code=-2147024841)
5212  |Info:    ------------------------------------------------------
5212  |Info:    |               Detecting I2C devices                |
5212  |Info:    ------------------------------------------------------
5212  |Debug:   [ASRock Motherboard SMBus Controllers] is enabled
5212  |Debug:   [ASRock SMBus Detectector] Bus 01 is not a motherboard or the subvendor does not match the one for ASRock, skipping detection
5213  |Debug:   [ASRock SMBus Detectector] Bus 02 is not a motherboard or the subvendor does not match the one for ASRock, skipping detection
5213  |Debug:   [ASRock Motherboard SMBus Controllers] no devices found
5213  |Debug:   [Corsair DRAM] is disabled
5213  |Debug:   [Corsair DRAM] no devices found
5213  |Debug:   [Crucial Ballistix] is enabled
5214  |Debug:   [Crucial DRAM] In bus: 8086:7A23 looking for devices at [0x39|0x3A|0x3B|0x3C|0x20|0x21|0x22|0x23]
5214  |Debug:   [Crucial DRAM] Testing address 39 to see if there is a device there
5217  |Debug:   [Crucial DRAM] Testing address 3A to see if there is a device there
5219  |Debug:   [Crucial DRAM] Testing address 3B to see if there is a device there
5222  |Debug:   [Crucial DRAM] Testing address 3C to see if there is a device there
5225  |Debug:   [Crucial DRAM] Testing address 20 to see if there is a device there
5227  |Debug:   [Crucial DRAM] Testing address 21 to see if there is a device there
5230  |Debug:   [Crucial DRAM] Testing address 22 to see if there is a device there
5232  |Debug:   [Crucial DRAM] Testing address 23 to see if there is a device there
5236  |Debug:   [Crucial Ballistix] no devices found
5236  |Debug:   [ENE SMBus DRAM] is enabled
5236  |Debug:   [ENE SMBus DRAM] Remapping ENE SMBus RAM modules on 0x77
5237  |Debug:   [ENE SMBus DRAM] No device detected at 0x77, aborting remap
5237  |Debug:   [ENE SMBus] looking for devices at 0x70...
5242  |Debug:   [ENE SMBus] looking for devices at 0x71...
5246  |Debug:   [ENE SMBus] looking for devices at 0x72...
5250  |Debug:   [ENE SMBus] looking for devices at 0x73...
5255  |Debug:   [ENE SMBus] looking for devices at 0x74...
5259  |Debug:   [ENE SMBus] looking for devices at 0x75...
5264  |Debug:   [ENE SMBus] looking for devices at 0x76...
5268  |Debug:   [ENE SMBus] looking for devices at 0x77...
5272  |Debug:   [ENE SMBus] looking for devices at 0x4F...
5277  |Debug:   [ENE SMBus] looking for devices at 0x66...
5281  |Debug:   [ENE SMBus] looking for devices at 0x67...
5285  |Debug:   [ENE SMBus] looking for devices at 0x39...
5289  |Debug:   [ENE SMBus] looking for devices at 0x3A...
5293  |Debug:   [ENE SMBus] looking for devices at 0x3B...
5297  |Debug:   [ENE SMBus] looking for devices at 0x3C...
5301  |Debug:   [ENE SMBus] looking for devices at 0x3D...
5306  |Debug:   [ENE SMBus DRAM] no devices found
5306  |Debug:   [ASUS Aura SMBus Motherboard] is enabled
5307  |Debug:   [ENE (ASUS Aura) SMBus Controller] Bus 01 is a motherboard and the subvendor matches the one for ASUS, looking for a device at 0x40
5307  |Debug:   [ENE SMBus] looking for devices at 0x40...
5310  |Debug:   [ENE (ASUS Aura) SMBus Controller] Bus 01 is a motherboard and the subvendor matches the one for ASUS, looking for a device at 0x4E
5310  |Debug:   [ENE SMBus] looking for devices at 0x4E...
5315  |Debug:   [ENE (ASUS Aura) SMBus Controller] Bus 01 is a motherboard and the subvendor matches the one for ASUS, looking for a device at 0x4F
5316  |Debug:   [ENE SMBus] looking for devices at 0x4F...
5319  |Debug:   [ENE (ASUS Aura) SMBus Controller] Bus 02 is a motherboard and the subvendor matches the one for ASUS, looking for a device at 0x40
5320  |Debug:   [ENE SMBus] looking for devices at 0x40...
5322  |Debug:   [ENE (ASUS Aura) SMBus Controller] Bus 02 is a motherboard and the subvendor matches the one for ASUS, looking for a device at 0x4E
5322  |Debug:   [ENE SMBus] looking for devices at 0x4E...
5324  |Debug:   [ENE (ASUS Aura) SMBus Controller] Bus 02 is a motherboard and the subvendor matches the one for ASUS, looking for a device at 0x4F
5324  |Debug:   [ENE SMBus] looking for devices at 0x4F...
5326  |Debug:   [ASUS Aura SMBus Motherboard] no devices found
5326  |Debug:   [EVGA Motherboard SMBus Controllers] is enabled
5326  |Debug:   [EVGA SMBus Detectector] Bus 01 is not a motherboard or the subvendor does not match the one for EVGA, skipping detection
5326  |Debug:   [EVGA SMBus Detectector] Bus 02 is not a motherboard or the subvendor does not match the one for EVGA, skipping detection
5326  |Debug:   [EVGA Motherboard SMBus Controllers] no devices found
5326  |Debug:   [Gigabyte RGB Fusion 2 DRAM] is enabled
5327  |Debug:   [Gigabyte RGB Fusion 2 DRAM] no devices found
5327  |Debug:   [Gigabyte RGB Fusion 2 SMBus] is enabled
5353  |Debug:   [Gigabyte RGB Fusion 2 SMBus] FAILED  - 'ROG MAXIMUS Z790 FORMULA' was not found in the JSON list. Do NOT enable if this is a USB based board.
5353  |Debug:   [Gigabyte RGB Fusion 2 SMBus] no devices found
5354  |Debug:   [Gigabyte RGB Fusion] is enabled
5354  |Debug:   [Gigabyte RGB Fusion SMBus] Bus 01 is not a motherboard or the subvendor does not match the one for Gigabyte Technology Co., Ltd., skipping detection
5354  |Debug:   [Gigabyte RGB Fusion SMBus] Bus 02 is not a motherboard or the subvendor does not match the one for Gigabyte Technology Co., Ltd., skipping detection
5354  |Debug:   [Gigabyte RGB Fusion] no devices found
5354  |Info:    ------------------------------------------------------
5354  |Info:    |            Detecting I2C DIMM modules              |
5354  |Info:    ------------------------------------------------------
5365  |Debug:   [SPDDetector] Probing DRAM older than DDR4 on bus -1, address 0x50
5379  |Debug:   [SPDDetector] Probing DRAM using DDR5 Direct Accessor on bus -1, address 0x51
5393  |Info:    [ResourceManager] Detected occupied slot 2, bus 1, type DDR5
5393  |Debug:   [ResourceManager] Jedec ID: 0x300f
5406  |Debug:   [SPDDetector] Memory type could not be determined for bus -1, address 0x52
5412  |Debug:   [SPDDetector] Probing DRAM using DDR5 Direct Accessor on bus -1, address 0x53
5426  |Info:    [ResourceManager] Detected occupied slot 4, bus 1, type DDR5
5426  |Debug:   [ResourceManager] Jedec ID: 0x300f
5445  |Debug:   [SPDDetector] Memory type could not be determined for bus -1, address 0x54
5451  |Debug:   [SPDDetector] Memory type could not be determined for bus -1, address 0x55
5459  |Debug:   [SPDDetector] Memory type could not be determined for bus -1, address 0x56
5466  |Debug:   [SPDDetector] Memory type could not be determined for bus -1, address 0x57
5466  |Debug:   [Kingston Fury DDR5 DRAM] is enabled
5466  |Debug:   [Kingston Fury DDR4/5 DRAM] looking at 0x61
5478  |Debug:   [Kingston Fury DDR4/5 DRAM] 61 beginning transaction; res=00
5490  |Debug:   [Kingston Fury DDR4/5 DRAM] Testing address 61 register 01, res=465A
5503  |Debug:   [Kingston Fury DDR4/5 DRAM] Testing address 61 register 02, res=555A
5515  |Debug:   [Kingston Fury DDR4/5 DRAM] Testing address 61 register 03, res=525A
5527  |Debug:   [Kingston Fury DDR4/5 DRAM] Testing address 61 register 04, res=595A
5539  |Debug:   [Kingston Fury DDR4/5 DRAM] Reading model code at address 61 register 06, res=115A
5550  |Debug:   [Kingston Fury DDR4/5 DRAM] 61 ending transaction; res=00
5550  |Debug:   [Kingston Fury DDR4/5 DRAM] detected at slot index 1
5550  |Debug:   [Kingston Fury DDR4/5 DRAM] looking at 0x63
5562  |Debug:   [Kingston Fury DDR4/5 DRAM] 63 beginning transaction; res=00
5574  |Debug:   [Kingston Fury DDR4/5 DRAM] Testing address 63 register 01, res=465A
5586  |Debug:   [Kingston Fury DDR4/5 DRAM] Testing address 63 register 02, res=555A
5598  |Debug:   [Kingston Fury DDR4/5 DRAM] Testing address 63 register 03, res=525A
5610  |Debug:   [Kingston Fury DDR4/5 DRAM] Testing address 63 register 04, res=595A
5622  |Debug:   [Kingston Fury DDR4/5 DRAM] Reading model code at address 63 register 06, res=115A
5634  |Debug:   [Kingston Fury DDR4/5 DRAM] 63 ending transaction; res=00
5635  |Debug:   [Kingston Fury DDR4/5 DRAM] detected at slot index 3
5635  |Info:    [Kingston Fury DDR5 DRAM] Registering RGB controller
5635  |Info:    ------------------------------------------------------
5635  |Info:    |               Detecting I2C PCI devices            |
5635  |Info:    ------------------------------------------------------
5635  |Debug:   [ASUS ROG STRIX GeForce GTX 1050 Gaming OC] is enabled
5635  |Debug:   [ASUS ROG STRIX GeForce GTX 1050 Ti Gaming] is enabled
5635  |Debug:   [ASUS ROG STRIX GeForce GTX 1050 Ti Gaming OC] is enabled
5635  |Debug:   [ASUS ROG STRIX GeForce GTX 1050 Ti Gaming OC] is enabled
5635  |Debug:   [ASUS ROG STRIX GeForce GTX 1060 Gaming] is enabled
5635  |Debug:   [ASUS ROG STRIX GeForce GTX 1060 Gaming] is enabled
5635  |Debug:   [ASUS ROG STRIX GeForce GTX 1060 Gaming] is enabled
5635  |Debug:   [ASUS ROG STRIX GeForce GTX 1070 Gaming] is enabled
5635  |Debug:   [ASUS ROG STRIX GeForce GTX 1070 Gaming OC] is enabled
5635  |Debug:   [ASUS ROG STRIX GeForce GTX 1070 OC] is enabled
5635  |Debug:   [ASUS ROG STRIX GeForce GTX 1070 Ti Gaming] is enabled
5635  |Debug:   [ASUS ROG STRIX GeForce GTX 1070 A8G Ti Gaming] is enabled
5635  |Debug:   [ASUS ROG STRIX GeForce GTX 1080 Gaming OC] is enabled
5635  |Debug:   [ASUS ROG STRIX GeForce GTX 1080 A8G Gaming] is enabled
5635  |Debug:   [ASUS ROG STRIX GeForce GTX 1080 Gaming OC] is enabled
5635  |Debug:   [ASUS ROG STRIX GeForce GTX 1080 Gaming OC 11Gbps] is enabled
5635  |Debug:   [ASUS ROG STRIX GeForce GTX 1080 Ti Gaming] is enabled
5635  |Debug:   [ASUS ROG STRIX GeForce GTX 1080 Ti Gaming] is enabled
5635  |Debug:   [ASUS ROG STRIX GeForce GTX 1080 Ti Gaming OC] is enabled
5635  |Debug:   [ASUS ROG STRIX GeForce GTX 1080 Ti Gaming OC] is enabled
5635  |Debug:   [ASUS ROG Poseidon GeForce GTX 1080 Ti] is enabled
5635  |Debug:   [ASUS ROG STRIX GeForce GTX 1650 SUPER A4G Gaming] is enabled
5635  |Debug:   [ASUS ROG STRIX GeForce GTX 1650 SUPER Gaming OC] is enabled
5635  |Debug:   [ASUS ROG STRIX GeForce GTX 1660 SUPER Gaming OC] is enabled
5635  |Debug:   [ASUS ROG STRIX GeForce GTX 1660 SUPER Gaming] is enabled
5635  |Debug:   [ASUS ROG STRIX GeForce GTX 1660 Ti Gaming OC] is enabled
5635  |Debug:   [ASUS ROG STRIX GeForce RTX 2060 Gaming] is enabled
5635  |Debug:   [ASUS ROG STRIX GeForce RTX 2060 Gaming OC] is enabled
5635  |Debug:   [ASUS ROG STRIX GeForce RTX 2060 Gaming OC] is enabled
5635  |Debug:   [ASUS ROG STRIX GeForce RTX 2060 EVO Gaming] is enabled
5635  |Debug:   [ASUS ROG STRIX GeForce RTX 2060 EVO V2 Gaming] is enabled
5635  |Debug:   [ASUS ROG STRIX GeForce RTX 2060 EVO Gaming OC] is enabled
5635  |Debug:   [ASUS ROG STRIX GeForce RTX 2060 SUPER Gaming] is enabled
5635  |Debug:   [ASUS ROG STRIX GeForce RTX 2060 SUPER A8G EVO Gaming] is enabled
5635  |Debug:   [ASUS ROG STRIX GeForce RTX 2060 SUPER Gaming OC] is enabled
5635  |Debug:   [ASUS ROG STRIX GeForce RTX 2060 SUPER Gaming] is enabled
5635  |Debug:   [ASUS ROG STRIX GeForce RTX 2060 SUPER A8G Gaming] is enabled
5635  |Debug:   [ASUS ROG STRIX GeForce RTX 2060 SUPER A8G Gaming] is enabled
5635  |Debug:   [ASUS ROG STRIX GeForce RTX 2070 A8G Gaming] is enabled
5635  |Debug:   [ASUS ROG STRIX GeForce RTX 2070 Gaming OC] is enabled
5635  |Debug:   [ASUS ROG STRIX GeForce RTX 2070 SUPER A8G Gaming] is enabled
5635  |Debug:   [ASUS ROG STRIX GeForce RTX 2070 SUPER A8G Gaming] is enabled
5636  |Debug:   [ASUS ROG STRIX GeForce RTX 2070 SUPER A8G Gaming] is enabled
5636  |Debug:   [ASUS ROG STRIX GeForce RTX 2070 SUPER Gaming OC] is enabled
5636  |Debug:   [ASUS ROG STRIX GeForce RTX 2070 SUPER Gaming] is enabled
5636  |Debug:   [ASUS ROG STRIX GeForce RTX 2070 SUPER Gaming OC] is enabled
5636  |Debug:   [ASUS ROG STRIX GeForce RTX 2080 Gaming] is enabled
5636  |Debug:   [ASUS ROG STRIX GeForce RTX 2080 Gaming OC] is enabled
5636  |Debug:   [ASUS ROG STRIX GeForce RTX 2080 V2 Gaming OC] is enabled
5636  |Debug:   [ASUS ROG STRIX GeForce RTX 2080 SUPER A8G Gaming] is enabled
5636  |Debug:   [ASUS ROG STRIX GeForce RTX 2080 SUPER Gaming OC] is enabled
5636  |Debug:   [ASUS ROG STRIX GeForce RTX 2080 SUPER White OC] is enabled
5636  |Debug:   [ASUS ROG STRIX GeForce RTX 2080 Ti Gaming] is enabled
5636  |Debug:   [ASUS ROG STRIX GeForce RTX 2080 Ti Gaming] is enabled
5636  |Debug:   [ASUS ROG STRIX GeForce RTX 2080 Ti A11G Gaming] is enabled
5636  |Debug:   [ASUS ROG STRIX GeForce RTX 2080 Ti Gaming OC] is enabled
5636  |Debug:   [ASUS TUF GeForce RTX 3060 Ti Gaming OC] is enabled
5636  |Debug:   [ASUS AREZ STRIX Radeon RX Vega 56 Gaming OC] is enabled
5636  |Debug:   [ASUS ROG STRIX Radeon Vega 64] is enabled
5636  |Debug:   [ASUS ROG STRIX Radeon RX 470 Gaming OC] is enabled
5636  |Debug:   [ASUS ROG STRIX Radeon RX 480 Gaming] is enabled
5636  |Debug:   [ASUS ROG STRIX Radeon RX 480 Gaming OC] is enabled
5636  |Debug:   [ASUS ROG STRIX Radeon RX 560 Gaming] is enabled
5636  |Debug:   [ASUS ROG STRIX Radeon RX 560 Gaming] is enabled
5636  |Debug:   [ASUS ROG STRIX Radeon RX 570 Gaming OC] is enabled
5636  |Debug:   [ASUS ROG STRIX Radeon RX 570 Gaming OC] is enabled
5636  |Debug:   [ASUS ROG STRIX Radeon RX 580 Gaming OC] is enabled
5636  |Debug:   [ASUS ROG STRIX Radeon RX 580 Gaming TOP] is enabled
5636  |Debug:   [ASUS ROG STRIX Radeon RX 590 Gaming] is enabled
5636  |Debug:   [ASUS ROG STRIX Radeon RX 5600 XT Gaming OC] is enabled
5636  |Debug:   [ASUS ROG STRIX Radeon RX 5700 Gaming OC] is enabled
5636  |Debug:   [ASUS ROG STRIX Radeon RX 5700 XT Gaming OC] is enabled
5636  |Debug:   [ASUS ROG STRIX Radeon RX 5700 XT Gaming OC] is enabled
5636  |Debug:   [ASUS ROG STRIX Radeon RX 5700 XT Gaming OC] is enabled
5636  |Debug:   [iGame GeForce RTX 3060 Advanced OC 12G L-V] is enabled
5636  |Debug:   [iGame GeForce RTX 3060 Ultra W OC 12G L-V] is enabled
5636  |Debug:   [iGame GeForce RTX 3060 Ultra W OC 12G L-V] is enabled
5636  |Debug:   [iGame GeForce RTX 3060 Ultra W OC 12G L-V] is enabled
5636  |Debug:   [iGame GeForce RTX 3060 Ti Ultra W OC LHR-V] is enabled
5636  |Debug:   [iGame GeForce RTX 3060 Ti Ultra W OC LHR-V] is enabled
5636  |Debug:   [iGame GeForce RTX 3060 Ti Advanced OC-V] is enabled
5636  |Debug:   [iGame GeForce RTX 3060 Ti Advanced OC-V] is enabled
5636  |Debug:   [iGame GeForce RTX 3070 Advanced OC-V] is enabled
5636  |Debug:   [iGame GeForce RTX 3070 Advanced OC-V] is enabled
5636  |Debug:   [iGame GeForce RTX 3070 Ultra W OC-V] is enabled
5636  |Debug:   [iGame GeForce RTX 3070 Ultra W OC LHR] is enabled
5636  |Debug:   [iGame GeForce RTX 3070 Ti Ultra W OC LHR] is enabled
5636  |Debug:   [iGame GeForce RTX 3070 Ti Advanced OC-V] is enabled
5636  |Debug:   [iGame GeForce RTX 3080 Advanced OC 10G-V] is enabled
5636  |Debug:   [iGame GeForce RTX 3080 Ti Advanced OC-V] is enabled
5636  |Debug:   [iGame GeForce RTX 3080 Ultra W OC 10G LHR-V] is enabled
5636  |Debug:   [iGame GeForce RTX 3080 Ultra W OC 10G LHR-V] is enabled
5636  |Debug:   [iGame GeForce RTX 4070 Ti Advanced OC-V] is enabled
5636  |Debug:   [iGame GeForce RTX 4070 Ti SUPER Advanced OC-V] is enabled
5636  |Debug:   [iGame GeForce RTX 4070 Ti SUPER Ultra W] is enabled
5636  |Debug:   [iGame GeForce RTX 4070 SUPER Ultra W OC] is enabled
5636  |Debug:   [iGame GeForce RTX 4070 Vulcan OC-V] is enabled
5636  |Debug:   [iGame GeForce RTX 4070 SUPER Ultra W OC-V] is enabled
5636  |Debug:   [iGame GeForce RTX 4080 Ultra W OC-V] is enabled
5637  |Debug:   [iGame GeForce RTX 4080 Ultra W OC-V] is enabled
5637  |Debug:   [iGame GeForce RTX 4090 Advanced OC-V] is enabled
5637  |Debug:   [iGame GeForce RTX 4090 Advanced OC-V] is enabled
5637  |Debug:   [iGame GeForce RTX 5060 Ultra W OC] is enabled
5637  |Debug:   [iGame GeForce RTX 5060 Ultra W OC] is enabled
5637  |Debug:   [iGame GeForce RTX 5060 Ti Ultra W DUO OC] is enabled
5637  |Debug:   [iGame GeForce RTX 5060 Ti Ultra W DUO OC] is enabled
5637  |Debug:   [iGame GeForce RTX 5070 Ultra W OC-V] is enabled
5637  |Debug:   [iGame GeForce RTX 5070 Ultra W OC-V] is enabled
5637  |Debug:   [iGame GeForce RTX 2070 SUPER Advanced OC-V] is enabled
5637  |Debug:   [iGame GeForce RTX 2070 SUPER Advanced OC-V] is enabled
5637  |Debug:   [ASUS ROG STRIX GeForce RTX 3050 Gaming] is enabled
5637  |Debug:   [ASUS KO GeForce RTX 3060 Gaming OC] is enabled
5637  |Debug:   [ASUS TUF GeForce RTX 3060 Gaming OC] is enabled
5637  |Debug:   [ASUS TUF GeForce RTX 3060 V2 Gaming OC] is enabled
5637  |Debug:   [ASUS TUF GeForce RTX 3060 V2 Gaming OC] is enabled
5637  |Debug:   [ASUS ROG STRIX GeForce RTX 3060 Gaming] is enabled
5637  |Debug:   [ASUS ROG STRIX GeForce RTX 3060 Gaming OC] is enabled
5637  |Debug:   [ASUS ROG STRIX GeForce RTX 3060 V2 Gaming OC] is enabled
5637  |Debug:   [ASUS KO GeForce RTX 3060 V2 Gaming OC] is enabled
5637  |Debug:   [ASUS KO GeForce RTX 3060 Ti V2 Gaming OC] is enabled
5637  |Debug:   [ASUS TUF GeForce RTX 3060 Ti OC] is enabled
5637  |Debug:   [ASUS KO GeForce RTX 3060 Ti Gaming OC] is enabled
5637  |Debug:   [ASUS KO GeForce RTX 3060 Ti Gaming OC] is enabled
5637  |Debug:   [ASUS TUF GeForce RTX 3060 Ti Gaming OC] is enabled
5637  |Debug:   [ASUS ROG STRIX GeForce RTX 3060 Ti OC] is enabled
5637  |Debug:   [ASUS TUF GeForce RTX 3060 Ti OC] is enabled
5637  |Debug:   [ASUS ROG STRIX GeForce RTX 3060 Ti V2 OC] is enabled
5637  |Debug:   [ASUS ROG STRIX GeForce RTX 3060 Ti V2 OC] is enabled
5637  |Debug:   [ASUS ROG STRIX GeForce RTX 3070 OC] is enabled
5637  |Debug:   [ASUS ROG STRIX GeForce RTX 3070 Gaming OC] is enabled
5637  |Debug:   [ASUS ROG STRIX GeForce RTX 3070 White OC] is enabled
5637  |Debug:   [ASUS ROG STRIX GeForce RTX 3070 V2 Gaming] is enabled
5637  |Debug:   [ASUS ROG STRIX GeForce RTX 3070 V2 Gaming OC] is enabled
5637  |Debug:   [ASUS ROG STRIX GeForce RTX 3070 V2 White OC] is enabled
5637  |Debug:   [ASUS TUF GeForce RTX 3070 Gaming] is enabled
5637  |Debug:   [ASUS TUF GeForce RTX 3070 Gaming OC] is enabled
5637  |Debug:   [ASUS KO GeForce RTX 3070 Gaming OC] is enabled
5637  |Debug:   [ASUS KO GeForce RTX 3070 V2 Gaming OC] is enabled
5637  |Debug:   [ASUS KO GeForce RTX 3070 V2 Gaming OC] is enabled
5637  |Debug:   [ASUS TUF GeForce RTX 3070 V2 Gaming OC] is enabled
5637  |Debug:   [ASUS ROG STRIX GeForce RTX 3070 Ti Gaming OC] is enabled
5637  |Debug:   [ASUS TUF GeForce RTX 3070 Ti V2 Gaming OC] is enabled
5637  |Debug:   [ASUS TUF GeForce RTX 3070 Ti V2 Gaming OC] is enabled
5637  |Debug:   [ASUS TUF GeForce RTX 3070 Ti V2 Gaming OC] is enabled
5637  |Debug:   [ASUS TUF GeForce RTX 3070 Ti Gaming OC] is enabled
5637  |Debug:   [ASUS TUF GeForce RTX 3080 Gaming] is enabled
5637  |Debug:   [ASUS TUF GeForce RTX 3080 Gaming] is enabled
5637  |Debug:   [ASUS ROG GeForce RTX 3080 GUNDAM EDITION] is enabled
5637  |Debug:   [ASUS TUF GeForce RTX 3080 Gaming OC] is enabled
5637  |Debug:   [ASUS ROG STRIX GeForce RTX 3080 Gaming] is enabled
5637  |Debug:   [ASUS ROG STRIX GeForce RTX 3080 Gaming OC] is enabled
5637  |Debug:   [ASUS ROG STRIX GeForce RTX 3080 White OC] is enabled
5637  |Debug:   [ASUS ROG STRIX GeForce RTX 3080 V2 Gaming] is enabled
5637  |Debug:   [ASUS ROG STRIX GeForce RTX 3080 V2 Gaming OC] is enabled
5637  |Debug:   [ASUS ROG STRIX GeForce RTX 3080 V2 White OC] is enabled
5637  |Debug:   [ASUS TUF GeForce RTX 3080 V2 Gaming OC ] is enabled
5637  |Debug:   [ASUS TUF GeForce RTX 3080 V2 Gaming OC] is enabled
5637  |Debug:   [ASUS TUF GeForce RTX 3080 V2 Gaming OC] is enabled
5637  |Debug:   [ASUS TUF GeForce RTX 3080 12G Gaming] is enabled
5637  |Debug:   [ASUS TUF GeForce RTX 3080 12G Gaming OC] is enabled
5637  |Debug:   [ASUS ROG STRIX GeForce RTX 3080 12G] is enabled
5637  |Debug:   [ASUS ROG STRIX GeForce RTX 3080 12G OC] is enabled
5638  |Debug:   [ASUS ROG STRIX GeForce RTX 3080 12G OC EVA EDITION] is enabled
5638  |Debug:   [ASUS ROG STRIX GeForce RTX 3090 OC EVA EDITION] is enabled
5638  |Debug:   [ASUS ROG STRIX GeForce RTX 3090 GUNDAM EDITION] is enabled
5638  |Debug:   [ASUS TUF GeForce RTX 3080 Ti Gaming] is enabled
5638  |Debug:   [ASUS TUF GeForce RTX 3080 Ti Gaming OC] is enabled
5638  |Debug:   [ASUS ROG GeForce RTX STRIX 3080 Ti Gaming OC] is enabled
5638  |Debug:   [ASUS ROG STRIX LC GeForce RTX 3080 Ti Gaming OC] is enabled
5638  |Debug:   [ASUS ROG STRIX GeForce RTX 3090 Gaming] is enabled
5638  |Debug:   [ASUS ROG STRIX GeForce RTX 3090 Gaming] is enabled
5638  |Debug:   [ASUS ROG STRIX GeForce RTX 3090 Gaming OC] is enabled
5638  |Debug:   [ASUS ROG STRIX GeForce RTX 3090 Gaming White OC] is enabled
5638  |Debug:   [ASUS TUF GeForce RTX 3090 Gaming OC] is enabled
5638  |Debug:   [ASUS TUF GeForce RTX 3090 Gaming OC] is enabled
5638  |Debug:   [ASUS TUF GeForce RTX 3090 Ti Gaming] is enabled
5638  |Debug:   [ASUS TUF GeForce RTX 3090 Ti Gaming OC] is enabled
5638  |Debug:   [ASUS ROG STRIX LC GeForce RTX 3090 Ti Gaming OC] is enabled
5638  |Debug:   [ASUS TUF GeForce RTX 4060 Ti Gaming OC] is enabled
5638  |Debug:   [ASUS ROG STRIX GeForce RTX 4060 Gaming OC] is enabled
5638  |Debug:   [ASUS ROG STRIX GeForce RTX 4060 Ti Gaming OC] is enabled
5638  |Debug:   [ASUS TUF GeForce RTX 4070 Gaming] is enabled
5638  |Debug:   [ASUS TUF GeForce RTX 4070 Gaming OC] is enabled
5638  |Debug:   [ASUS TUF GeForce RTX 4070 Gaming OC] is enabled
5638  |Debug:   [ASUS TUF GeForce RTX 4070 Gaming OC] is enabled
5638  |Debug:   [ASUS TUF GeForce RTX 4070 SUPER Gaming] is enabled
5638  |Debug:   [ASUS ROG STRIX GeForce RTX 4070 Gaming OC] is enabled
5638  |Debug:   [ASUS ROG STRIX GeForce RTX 4070 SUPER Gaming] is enabled
5638  |Debug:   [ASUS ROG STRIX GeForce RTX 4070 SUPER Gaming OC] is enabled
5638  |Debug:   [ASUS TUF GeForce RTX 4070 Ti Gaming] is enabled
5638  |Debug:   [ASUS TUF GeForce RTX 4070 Ti Gaming] is enabled
5638  |Debug:   [ASUS TUF GeForce RTX 4070 Ti Gaming OC] is enabled
5638  |Debug:   [ASUS TUF GeForce RTX 4070 Ti Gaming OC] is enabled
5638  |Debug:   [ASUS TUF GeForce RTX 4070 Ti Gaming White OC] is enabled
5638  |Debug:   [ASUS TUF GeForce RTX 4070 Ti SUPER Gaming OC] is enabled
5638  |Debug:   [ASUS TUF GeForce RTX 4070 Ti SUPER Gaming OC] is enabled
5638  |Debug:   [ASUS TUF GeForce RTX 4070 Ti SUPER Gaming White OC] is enabled
5638  |Debug:   [ASUS ROG STRIX GeForce RTX 4070 Ti Gaming] is enabled
5638  |Debug:   [ASUS ROG STRIX GeForce RTX 4070 Ti Gaming OC] is enabled
5638  |Debug:   [ASUS ROG STRIX GeForce RTX 4070 Ti Gaming OC] is enabled
5638  |Debug:   [ASUS ROG STRIX GeForce RTX 4070 Ti SUPER Gaming] is enabled
5638  |Debug:   [ASUS ROG STRIX GeForce RTX 4070 Ti SUPER Gaming OC] is enabled
5638  |Debug:   [ASUS ROG STRIX GeForce RTX 4080 Gaming] is enabled
5638  |Debug:   [ASUS ROG STRIX GeForce RTX 4080 Gaming White] is enabled
5638  |Debug:   [ASUS ROG STRIX GeForce RTX 4080 Gaming White OC] is enabled
5638  |Debug:   [ASUS ROG STRIX GeForce RTX 4080 Gaming OC] is enabled
5638  |Debug:   [ASUS ROG STRIX GeForce RTX 4080 Gaming OC] is enabled
5638  |Debug:   [ASUS TUF GeForce RTX 4080 Gaming] is enabled
5638  |Debug:   [ASUS TUF GeForce RTX 4080 Gaming] is enabled
5638  |Debug:   [ASUS TUF GeForce RTX 4080 Gaming OC] is enabled
5638  |Debug:   [ASUS TUF GeForce RTX 4080 Gaming OC] is enabled
5638  |Debug:   [ASUS TUF GeForce RTX 4080 SUPER Gaming] is enabled
5638  |Debug:   [ASUS ROG STRIX GeForce RTX 4080 SUPER OC] is enabled
5638  |Debug:   [ASUS ROG STRIX GeForce RTX 4080 SUPER White] is enabled
5638  |Debug:   [ASUS ROG STRIX GeForce RTX 4080 SUPER White OC] is enabled
5638  |Debug:   [ASUS TUF GeForce RTX 4080 SUPER Gaming OC] is enabled
5638  |Debug:   [ASUS TUF GeForce RTX 4080 SUPER Gaming OC] is enabled
5638  |Debug:   [ASUS TUF GeForce RTX 4090 Gaming OC] is enabled
5638  |Debug:   [ASUS TUF GeForce RTX 4090 Gaming OG OC] is enabled
5638  |Debug:   [ASUS TUF GeForce RTX 4090 Gaming OC] is enabled
5638  |Debug:   [ASUS TUF GeForce RTX 4090 Gaming OC] is enabled
5638  |Debug:   [ASUS TUF GeForce RTX 4090 Gaming OC] is enabled
5638  |Debug:   [ASUS ROG STRIX LC GeForce RTX 4090 Gaming OC] is enabled
5638  |Debug:   [ASUS ROG STRIX GeForce RTX 4090 Gaming] is enabled
5638  |Debug:   [ASUS ROG STRIX GeForce RTX 4090 Gaming OC] is enabled
5638  |Debug:   [ASUS ROG STRIX GeForce RTX 4090 Gaming OC] is enabled
5638  |Debug:   [ASUS ROG STRIX GeForce RTX 4090 Gaming] is enabled
5638  |Debug:   [ASUS ROG STRIX GeForce RTX 4090 OC EVA-02] is enabled
5638  |Debug:   [ASUS ROG STRIX GeForce RTX 4090 Gaming OC] is enabled
5638  |Debug:   [ASUS ROG STRIX GeForce RTX 4090 Gaming OC] is enabled
5639  |Debug:   [ASUS ROG STRIX GeForce RTX 4090 Gaming White] is enabled
5639  |Debug:   [ASUS ROG STRIX GeForce RTX 4090 Gaming White] is enabled
5639  |Debug:   [ASUS ROG STRIX GeForce RTX 4090 Gaming White OC] is enabled
5639  |Debug:   [ASUS ROG STRIX GeForce RTX 4090 Gaming White OC] is enabled
5639  |Debug:   [ASUS ROG MATRIX PLATINUM GeForce RTX 4090] is enabled
5639  |Debug:   [ASUS TUF GeForce RTX 5060 Gaming OC] is enabled
5639  |Debug:   [ASUS TUF GeForce RTX 5070 Gaming OC] is enabled
5639  |Debug:   [ASUS TUF GeForce RTX 5070 Ti Gaming OC] is enabled
5639  |Debug:   [ASUS TUF GeForce RTX 5070 Ti Gaming BTF White OC] is enabled
5639  |Debug:   [ASUS TUF GeForce RTX 5070 Ti Gaming White OC] is enabled
5639  |Debug:   [ASUS ROG STRIX GeForce RTX 5070 Ti Gaming OC] is enabled
5639  |Debug:   [ASUS TUF GeForce RTX 5080 Gaming OC] is enabled
5639  |Debug:   [ASUS TUF GeForce RTX 5090 Gaming OC] is enabled
5639  |Debug:   [ASUS TUF GeForce RTX 5090 Gaming] is enabled
5639  |Debug:   [ASUS ROG ASTRAL GeForce RTX 5080 OC] is enabled
5639  |Debug:   [ASUS ROG ASTRAL GeForce RTX 5080 OC WHITE] is enabled
5639  |Debug:   [ASUS ROG ASTRAL GeForce RTX 5080] is enabled
5639  |Debug:   [ASUS ROG ASTRAL GeForce RTX 5080 WHITE] is enabled
5639  |Debug:   [ASUS ROG ASTRAL GeForce RTX 5090 OC] is enabled
5639  |Debug:   [ASUS ROG ASTRAL GeForce RTX 5090] is enabled
5639  |Debug:   [ASUS ROG ASTRAL GeForce RTX 5090 OC BTF] is enabled
5639  |Debug:   [ASUS ROG ASTRAL GeForce RTX 5090 OC WHITE] is enabled
5639  |Debug:   [ASUS ROG ASTRAL LC GeForce RTX 5090 OC] is enabled
5639  |Debug:   [ASUS ROG ASTRAL LC OC GeForce RTX 5090 OC] is enabled
5639  |Debug:   [ASUS ROG MATRIX PLATINUM GeForce RTX 5090] is enabled
5639  |Debug:   [ASUS ROG STRIX Radeon RX 6600 XT Gaming OC] is enabled
5639  |Debug:   [ASUS ROG STRIX Radeon RX 6650 XT Gaming] is enabled
5639  |Debug:   [ASUS TUF Radeon RX 6700 XT Gaming OC] is enabled
5639  |Debug:   [ASUS ROG STRIX Radeon RX 6700 XT Gaming OC] is enabled
5639  |Debug:   [ASUS ROG STRIX Radeon RX 6750 XT Gaming OC] is enabled
5639  |Debug:   [ASUS TUF Radeon RX 6800 Gaming OC] is enabled
5639  |Debug:   [ASUS ROG STRIX Radeon RX 6800 Gaming OC] is enabled
5639  |Debug:   [ASUS TUF Radeon RX 6800 XT Gaming OC] is enabled
5639  |Debug:   [ASUS ROG STRIX LC Radeon RX 6800 XT Gaming OC] is enabled
5639  |Debug:   [ASUS ROG STRIX LC Radeon RX 6900 XT Gaming OC] is enabled
5639  |Debug:   [ASUS ROG STRIX LC Radeon RX 6900 XT Gaming OC TOP] is enabled
5639  |Debug:   [ASUS TUF Radeon RX 6900 XT Gaming OC] is enabled
5639  |Debug:   [ASUS TUF Radeon RX 6900 XT T16G Gaming] is enabled
5639  |Debug:   [ASUS TUF Radeon RX 6950 XT Gaming OC] is enabled
5639  |Debug:   [ASUS ROG STRIX LC Radeon RX 6950 XT Gaming OC] is enabled
5639  |Debug:   [ASUS TUF Radeon RX 7600 XT O16G Gaming] is enabled
5639  |Debug:   [ASUS TUF Radeon RX 7700 XT Gaming OC] is enabled
5639  |Debug:   [ASUS TUF Radeon RX 7800 XT Gaming OC] is enabled
5639  |Debug:   [ASUS TUF Radeon RX 7800 XT Gaming OC] is enabled
5639  |Debug:   [ASUS TUF Radeon RX 7800 XT Gaming White OC] is enabled
5639  |Debug:   [ASUS TUF Radeon RX 7900 GRE Gaming OC] is enabled
5639  |Debug:   [ASUS TUF Radeon RX 7900 XT Gaming OC] is enabled
5639  |Debug:   [ASUS TUF Radeon RX 7900 XTX Gaming OC] is enabled
5639  |Debug:   [ASUS TUF Radeon RX 9070 Gaming OC] is enabled
5639  |Debug:   [ASUS TUF Radeon RX 9070 XT Gaming OC] is enabled
5639  |Debug:   [EVGA GeForce RTX 3060 Ti FTW3 Gaming] is enabled
5639  |Debug:   [EVGA GeForce RTX 3060 Ti FTW3 Ultra] is enabled
5639  |Debug:   [EVGA GeForce RTX 3060 Ti FTW3 Ultra LHR] is enabled
5639  |Debug:   [EVGA GeForce RTX 3060 Ti FTW3 Ultra Gaming LHR] is enabled
5639  |Debug:   [EVGA GeForce RTX 3070 Black Gaming] is enabled
5639  |Debug:   [EVGA GeForce RTX 3070 XC3 Gaming] is enabled
5639  |Debug:   [EVGA GeForce RTX 3070 XC3 Ultra] is enabled
5639  |Debug:   [EVGA GeForce RTX 3070 XC3 Ultra LHR] is enabled
5639  |Debug:   [EVGA GeForce RTX 3070 XC3 Ultra Gaming] is enabled
5639  |Debug:   [EVGA GeForce RTX 3070 FTW3 Ultra] is enabled
5639  |Debug:   [EVGA GeForce RTX 3070 FTW3 Ultra LHR] is enabled
5639  |Debug:   [EVGA GeForce RTX 3070 FTW3 Ultra LHR] is enabled
5639  |Debug:   [EVGA GeForce RTX 3070 Ti XC3 Gaming] is enabled
5639  |Debug:   [EVGA GeForce RTX 3070 Ti XC3 Ultra] is enabled
5639  |Debug:   [EVGA GeForce RTX 3070 Ti XC3 Ultra v2] is enabled
5639  |Debug:   [EVGA GeForce RTX 3070 Ti FTW3 Ultra] is enabled
5639  |Debug:   [EVGA GeForce RTX 3070 Ti FTW3 Ultra v2] is enabled
5639  |Debug:   [EVGA GeForce RTX 3080 XC3 Black] is enabled
5639  |Debug:   [EVGA GeForce RTX 3080 XC3 Black LHR] is enabled
5639  |Debug:   [EVGA GeForce RTX 3080 XC3 Gaming] is enabled
5639  |Debug:   [EVGA GeForce RTX 3080 XC3 Gaming LHR] is enabled
5639  |Debug:   [EVGA GeForce RTX 3080 XC3 Ultra] is enabled
5639  |Debug:   [EVGA GeForce RTX 3080 XC3 Ultra LHR] is enabled
5639  |Debug:   [EVGA GeForce RTX 3080 XC3 Ultra Hybrid] is enabled
5639  |Debug:   [EVGA GeForce RTX 3080 XC3 Ultra Hybrid LHR] is enabled
5639  |Debug:   [EVGA GeForce RTX 3080 XC3 Ultra Hydro Copper] is enabled
5639  |Debug:   [EVGA GeForce RTX 3080 FTW3 Gaming] is enabled
5639  |Debug:   [EVGA GeForce RTX 3080 FTW3 Ultra] is enabled
5639  |Debug:   [EVGA GeForce RTX 3080 FTW3 Ultra v2 LHR] is enabled
5639  |Debug:   [EVGA GeForce RTX 3080 FTW3 Ultra LHR] is enabled
5639  |Debug:   [EVGA GeForce RTX 3080 FTW3 Ultra Hybrid] is enabled
5640  |Debug:   [EVGA GeForce RTX 3080 FTW3 Ultra Hybrid LHR] is enabled
5640  |Debug:   [EVGA GeForce RTX 3080 FTW3 Ultra Hybrid Gaming LHR] is enabled
5640  |Debug:   [EVGA GeForce RTX 3080 FTW3 Ultra Hydro Copper] is enabled
5640  |Debug:   [EVGA GeForce RTX 3080 XC3 Ultra 12G] is enabled
5640  |Debug:   [EVGA GeForce RTX 3080 FTW3 Ultra 12GB] is enabled
5640  |Debug:   [EVGA GeForce RTX 3080 FTW3 Ultra Hydro Copper 12G] is enabled
5640  |Debug:   [EVGA GeForce RTX 3080 Ti XC3 Gaming] is enabled
5640  |Debug:   [EVGA GeForce RTX 3080 Ti XC3 Ultra Gaming] is enabled
5640  |Debug:   [EVGA GeForce RTX 3080 Ti XC3 Gaming Hybrid] is enabled
5640  |Debug:   [EVGA GeForce RTX 3080 Ti XC3 Gaming Hydro Copper] is enabled
5640  |Debug:   [EVGA GeForce RTX 3080 Ti FTW3 Ultra] is enabled
5640  |Debug:   [EVGA GeForce RTX 3080 Ti FTW3 Ultra Hybrid] is enabled
5640  |Debug:   [EVGA GeForce RTX 3080 Ti FTW3 Ultra Hydro Copper] is enabled
5640  |Debug:   [EVGA GeForce RTX 3090 XC3 Black] is enabled
5640  |Debug:   [EVGA GeForce RTX 3090 XC3 Gaming] is enabled
5640  |Debug:   [EVGA GeForce RTX 3090 XC3 Ultra] is enabled
5640  |Debug:   [EVGA GeForce RTX 3090 XC3 Ultra Hybrid] is enabled
5640  |Debug:   [EVGA GeForce RTX 3090 XC3 Ultra Hydro Copper] is enabled
5640  |Debug:   [EVGA GeForce RTX 3090 FTW3 Ultra] is enabled
5640  |Debug:   [EVGA GeForce RTX 3090 FTW3 Ultra v2] is enabled
5640  |Debug:   [EVGA GeForce RTX 3090 FTW3 Ultra v3] is enabled
5640  |Debug:   [EVGA GeForce RTX 3090 FTW3 Ultra Hybrid] is enabled
5640  |Debug:   [EVGA GeForce RTX 3090 FTW3 Ultra Hydro Copper] is enabled
5640  |Debug:   [EVGA GeForce RTX 3090 K|NGP|N Hybrid] is enabled
5640  |Debug:   [EVGA GeForce RTX 3090 K|NGP|N Hydro Copper] is enabled
5640  |Debug:   [EVGA GeForce RTX 3090 Ti FTW3 Black Gaming] is enabled
5640  |Debug:   [EVGA GeForce RTX 3090 Ti FTW3 Gaming] is enabled
5640  |Debug:   [EVGA GeForce RTX 3090 Ti FTW3 Ultra Gaming] is enabled
5640  |Debug:   [EVGA GeForce RTX 3090 Ti FTW3 Ultra Hybrid Gaming] is enabled
5640  |Debug:   [EVGA GeForce GTX 1070 FTW2 Gaming] is enabled
5640  |Debug:   [EVGA GeForce GTX 1080 FTW2 Gaming] is enabled
5640  |Debug:   [EVGA GeForce GTX 1080 FTW2 11G] is enabled
5640  |Debug:   [EVGA GeForce GTX 1080 FTW2 DT] is enabled
5640  |Debug:   [EVGA GeForce GTX 1080 Ti SC2 Gaming] is enabled
5640  |Debug:   [EVGA GeForce GTX 1080 Ti FTW3] is enabled
5640  |Debug:   [EVGA GeForce GTX 1080 Ti FTW3 Hybrid] is enabled
5640  |Debug:   [EVGA GeForce GTX 1080 Ti K|NGP|N] is enabled
5640  |Debug:   [EVGA GeForce GTX 1070 FTW DT Gaming] is enabled
5640  |Debug:   [EVGA GeForce GTX 1070 FTW] is enabled
5640  |Debug:   [EVGA GeForce GTX 1070 FTW HYBRID] is enabled
5640  |Debug:   [EVGA GeForce GTX 1070 Ti FTW2] is enabled
5640  |Debug:   [EVGA GeForce GTX 1080 FTW] is enabled
5640  |Debug:   [EVGA GeForce RTX 2070 XC Black] is enabled
5640  |Debug:   [EVGA GeForce RTX 2070 XC Gaming] is enabled
5640  |Debug:   [EVGA GeForce RTX 2070 XC OC] is enabled
5640  |Debug:   [EVGA GeForce RTX 2070 FTW3 Ultra OC] is enabled
5640  |Debug:   [EVGA GeForce RTX 2070 SUPER XC Gaming] is enabled
5640  |Debug:   [EVGA GeForce RTX 2070 SUPER XC Ultra] is enabled
5640  |Debug:   [EVGA GeForce RTX 2070 SUPER XC Ultra+] is enabled
5640  |Debug:   [EVGA GeForce RTX 2070 SUPER FTW3 Ultra] is enabled
5640  |Debug:   [EVGA GeForce RTX 2070 SUPER FTW3 Ultra+] is enabled
5640  |Debug:   [EVGA GeForce RTX 2080 Black] is enabled
5640  |Debug:   [EVGA GeForce RTX 2080 XC Black] is enabled
5640  |Debug:   [EVGA GeForce RTX 2080 XC Gaming] is enabled
5640  |Debug:   [EVGA GeForce RTX 2080 XC Ultra Gaming] is enabled
5640  |Debug:   [EVGA GeForce RTX 2080 XC Hybrid Gaming] is enabled
5640  |Debug:   [EVGA GeForce RTX 2080 SUPER XC Gaming] is enabled
5640  |Debug:   [EVGA GeForce RTX 2080 SUPER XC Ultra] is enabled
5640  |Debug:   [EVGA GeForce RTX 2080 SUPER XC Hybrid Gaming] is enabled
5640  |Debug:   [EVGA GeForce RTX 2080 SUPER FTW3 Ultra] is enabled
5640  |Debug:   [EVGA GeForce RTX 2080 SUPER FTW3 Hybrid OC] is enabled
5640  |Debug:   [EVGA GeForce RTX 2080 SUPER FTW3 Ultra Hydro Copper] is enabled
5640  |Debug:   [EVGA GeForce RTX 2080 Ti Black] is enabled
5640  |Debug:   [EVGA GeForce RTX 2080 Ti XC Ultra] is enabled
5640  |Debug:   [EVGA GeForce RTX 2080 Ti XC HYBRID GAMING] is enabled
5640  |Debug:   [EVGA GeForce RTX 2080 Ti XC HYDRO COPPER] is enabled
5640  |Debug:   [EVGA GeForce RTX 2080 Ti FTW3 Ultra] is enabled
5640  |Debug:   [EVGA GeForce RTX 2080 Ti FTW3 Ultra Hydro Copper] is enabled
5640  |Debug:   [Gainward GeForce GTX 1080 Phoenix] is enabled
5640  |Debug:   [Gainward GeForce GTX 1080 Ti Phoenix] is enabled
5640  |Debug:   [Gainward GeForce GTX 1660 SUPER Ghost] is enabled
5640  |Debug:   [Gainward GeForce RTX 2070 SUPER Phantom] is enabled
5640  |Debug:   [Gainward GeForce RTX 2080 Phoenix GS] is enabled
5640  |Debug:   [Gainward GeForce RTX 3060 Pegasus 12G] is enabled
5640  |Debug:   [Gainward GeForce RTX 3070 Phantom] is enabled
5640  |Debug:   [Gainward GeForce RTX 3070 Phoenix] is enabled
5640  |Debug:   [Gainward GeForce RTX 3070 Ti Phoenix] is enabled
5640  |Debug:   [Gainward GeForce RTX 3080 Phoenix] is enabled
5640  |Debug:   [Gainward GeForce RTX 3080 Ti Phoenix] is enabled
5640  |Debug:   [Gainward GeForce RTX 3090 Phoenix] is enabled
5640  |Debug:   [Gainward GeForce RTX 3090 Ti Phantom] is enabled
5640  |Debug:   [KFA2 GeForce RTX 2070 EX] is enabled
5640  |Debug:   [KFA2 GeForce RTX 2070 OC] is enabled
5640  |Debug:   [GALAX GeForce RTX 2070 SUPER EX Gamer Black] is enabled
5640  |Debug:   [KFA2 GeForce RTX 2080 EX OC] is enabled
5640  |Debug:   [KFA2 GeForce RTX 2080 SUPER EX OC] is enabled
5640  |Debug:   [KFA2 GeForce RTX 2080 Ti EX OC] is enabled
5640  |Debug:   [GALAX GeForce RTX 3080 SG] is enabled
5640  |Debug:   [GALAX GeForce RTX 5070 Ti EX Gamer 1-Click OC] is enabled
5640  |Debug:   [Gigabyte GeForce RTX 5060 Ti Gaming OC] is enabled
5640  |Debug:   [Gigabyte GeForce RTX 5070 Aero OC] is enabled
5640  |Debug:   [Gigabyte GeForce RTX 5070 Eagle OC] is enabled
5640  |Debug:   [Gigabyte GeForce RTX 5070 Eagle OC ICE] is enabled
5641  |Debug:   [Gigabyte GeForce RTX 5070 Gaming OC] is enabled
5641  |Debug:   [Gigabyte GeForce RTX 5070 Ti Eagle OC] is enabled
5641  |Debug:   [Gigabyte GeForce RTX 5070 Ti Eagle OC ICE] is enabled
5641  |Debug:   [Gigabyte GeForce RTX 5070 Ti Aero OC] is enabled
5641  |Debug:   [Gigabyte GeForce RTX 5070 Ti Gaming OC] is enabled
5641  |Debug:   [Gigabyte GeForce RTX 5080 Aero OC] is enabled
5641  |Debug:   [Gigabyte GeForce RTX 5080 Gaming OC] is enabled
5641  |Debug:   [Gigabyte AORUS GeForce RTX 5080 MASTER] is enabled
5641  |Debug:   [Gigabyte AORUS GeForce RTX 5080 XTREME WATERFORCE] is enabled
5641  |Debug:   [Gigabyte GeForce RTX 5080 XTREME WATERFORCE] is enabled
5641  |Debug:   [Gigabyte AORUS GeForce RTX 5080 MASTER ICE] is enabled
5641  |Debug:   [Gigabyte GeForce RTX 5090 Gaming OC] is enabled
5641  |Debug:   [Gigabyte GeForce RTX 5090 XTREME WATERFORCE] is enabled
5641  |Debug:   [Gigabyte GeForce RTX 5090 XTREME WATERFORCE] is enabled
5641  |Debug:   [Gigabyte AORUS GeForce RTX 5090 MASTER] is enabled
5641  |Debug:   [Gigabyte AORUS GeForce RTX 5090 MASTER ICE] is enabled
5641  |Debug:   [Gigabyte AORUS GeForce RTX 5090 D V2 MASTER ICE] is enabled
5641  |Debug:   [Gigabyte Radeon RX 9060 XT GAMING] is enabled
5641  |Debug:   [Gigabyte Radeon RX 9060 XT GAMING OC] is enabled
5641  |Debug:   [Gigabyte AORUS Radeon RX 9070 XT Elite] is enabled
5641  |Debug:   [Gigabyte Radeon RX 9070 XT GAMING OC] is enabled
5641  |Debug:   [Gigabyte Radeon RX 9070 XT GAMING OC ICE] is enabled
5641  |Debug:   [Gigabyte Radeon RX 9070 XT GAMING] is enabled
5641  |Debug:   [Gigabyte AORUS GeForce RTX 2060 SUPER] is enabled
5641  |Debug:   [Gigabyte AORUS GeForce RTX 2060 SUPER] is enabled
5641  |Debug:   [Gigabyte AORUS GeForce RTX 2070] is enabled
5641  |Debug:   [Gigabyte AORUS GeForce RTX 2070 XTREME] is enabled
5641  |Debug:   [Gigabyte AORUS GeForce RTX 2070 XTREME] is enabled
5641  |Debug:   [Gigabyte AORUS GeForce RTX 2070 SUPER] is enabled
5641  |Debug:   [Gigabyte AORUS GeForce RTX 2070 SUPER] is enabled
5641  |Debug:   [Gigabyte AORUS GeForce RTX 2080] is enabled
5641  |Debug:   [Gigabyte AORUS GeForce RTX 2080] is enabled
5641  |Debug:   [Gigabyte AORUS GeForce RTX 2080 XTREME] is enabled
5641  |Debug:   [Gigabyte AORUS GeForce RTX 2080 XTREME] is enabled
5641  |Debug:   [Gigabyte AORUS GeForce RTX 2080 SUPER] is enabled
5641  |Debug:   [Gigabyte AORUS GeForce RTX 2080 SUPER] is enabled
5641  |Debug:   [Gigabyte AORUS GeForce RTX 2080 SUPER Waterforce WB] is enabled
5641  |Debug:   [Gigabyte AORUS GeForce RTX 2080 SUPER Waterforce WB] is enabled
5641  |Debug:   [Gigabyte AORUS GeForce RTX 2080 SUPER Waterforce] is enabled
5641  |Debug:   [Gigabyte AORUS GeForce RTX 2080 SUPER Waterforce] is enabled
5641  |Debug:   [Gigabyte AORUS GeForce RTX 2080 Ti XTREME] is enabled
5641  |Debug:   [Gigabyte AORUS GeForce RTX 2080 Ti XTREME] is enabled
5641  |Debug:   [Gigabyte AORUS GeForce RTX 3060 ELITE] is enabled
5641  |Debug:   [Gigabyte AORUS GeForce RTX 3060 ELITE Rev A1] is enabled
5641  |Debug:   [Gigabyte AORUS GeForce RTX 3060 ELITE LHR] is enabled
5641  |Debug:   [Gigabyte AORUS GeForce RTX 3060 Ti ELITE LHR] is enabled
5641  |Debug:   [Gigabyte GeForce RTX 3060 Ti GAMING OC] is enabled
5641  |Debug:   [Gigabyte GeForce RTX 3060 Ti GAMING OC] is enabled
5641  |Debug:   [Gigabyte GeForce RTX 3060 Ti GAMING OC LHR Rev 2] is enabled
5641  |Debug:   [Gigabyte GeForce RTX 3060 Ti GAMING OC LHR] is enabled
5641  |Debug:   [Gigabyte GeForce RTX 3060 Ti GAMING OC PRO] is enabled
5641  |Debug:   [Gigabyte GeForce RTX 3060 Ti Gaming OC PRO LHR] is enabled
5641  |Debug:   [Gigabyte GeForce RTX 3070 MASTER] is enabled
5641  |Debug:   [Gigabyte GeForce RTX 3070 MASTER LHR] is enabled
5641  |Debug:   [Gigabyte AORUS GeForce RTX 3070 Ti MASTER] is enabled
5641  |Debug:   [Gigabyte AORUS GeForce RTX 3080 XTREME WATERFORCE WB] is enabled
5641  |Debug:   [Gigabyte AORUS GeForce RTX 3080 XTREME WATERFORCE WB] is enabled
5641  |Debug:   [Gigabyte AORUS GeForce RTX 3080 XTREME WATERFORCE V2] is enabled
5641  |Debug:   [Gigabyte AORUS GeForce RTX 3080 12G XTREME WATERFORCE WB] is enabled
5641  |Debug:   [Gigabyte GeForce RTX 3080 Ti Vision OC] is enabled
5641  |Debug:   [Gigabyte AORUS GeForce RTX 3080 Ti XTREME WATERFORCE] is enabled
5641  |Debug:   [Gigabyte AORUS GeForce RTX 3080 Ti XTREME WATERFORCE] is enabled
5641  |Debug:   [Gigabyte GeForce RTX 3090 VISION OC] is enabled
5641  |Debug:   [Gigabyte AORUS GeForce RTX 3090 XTREME WATERFORCE] is enabled
5641  |Debug:   [Gigabyte AORUS GeForce RTX 3090 XTREME WATERFORCE WB] is enabled
5641  |Debug:   [Gigabyte GeForce RTX 4070 GAMING OC] is enabled
5641  |Debug:   [Gigabyte GeForce RTX 4070 GAMING OC] is enabled
5641  |Debug:   [Gigabyte GeForce RTX 4070 GAMING OC] is enabled
5641  |Debug:   [Gigabyte Geforce RTX 4070 Aero OC] is enabled
5641  |Debug:   [Gigabyte GeForce RTX 4070 SUPER GAMING OC] is enabled
5641  |Debug:   [Gigabyte GeForce RTX 4070 SUPER Aero OC] is enabled
5641  |Debug:   [Gigabyte GeForce RTX 4070 SUPER Eagle OC] is enabled
5641  |Debug:   [Gigabyte GeForce RTX 4070 Ti GAMING] is enabled
5641  |Debug:   [Gigabyte GeForce RTX 4070 Ti GAMING OC] is enabled
5641  |Debug:   [Gigabyte GeForce RTX 4070 Ti GAMING OC] is enabled
5641  |Debug:   [Gigabyte GeForce RTX 4070 Ti Eagle] is enabled
5641  |Debug:   [Gigabyte GeForce RTX 4070 Ti Eagle OC] is enabled
5641  |Debug:   [Gigabyte GeForce RTX 4070 Eagle OC] is enabled
5641  |Debug:   [Gigabyte GeForce RTX 4070 Ti Eagle OC Rev 2] is enabled
5641  |Debug:   [Gigabyte GeForce RTX 4070 Ti Master] is enabled
5641  |Debug:   [Gigabyte AORUS GeForce RTX 4070 Ti ELITE] is enabled
5641  |Debug:   [Gigabyte GeForce RTX 4070 Ti SUPER GAMING OC] is enabled
5641  |Debug:   [Gigabyte GeForce RTX 4080 AERO OC] is enabled
5641  |Debug:   [Gigabyte GeForce RTX 4080 Eagle OC] is enabled
5642  |Debug:   [Gigabyte GeForce RTX 4080 SUPER GAMING OC] is enabled
5642  |Debug:   [Gigabyte GeForce RTX 4080 SUPER AERO OC] is enabled
5642  |Debug:   [Gigabyte GeForce RTX 4080 GAMING OC] is enabled
5642  |Debug:   [Gigabyte AORUS GeForce RTX 4080 MASTER] is enabled
5642  |Debug:   [Gigabyte GeForce RTX 4090 AERO OC] is enabled
5642  |Debug:   [Gigabyte GeForce RTX 4090 GAMING OC] is enabled
5642  |Debug:   [Gigabyte AORUS GeForce RTX 4090 MASTER] is enabled
5642  |Debug:   [Gigabyte AORUS GeForce RTX 5090 D MASTER] is enabled
5642  |Debug:   [Gigabyte GeForce RTX 5090 GAMING OC] is enabled
5642  |Debug:   [Gigabyte AORUS GeForce RTX 5090 MASTER] is enabled
5642  |Debug:   [Gigabyte AORUS GeForce RTX 5090 MASTER ICE] is enabled
5642  |Debug:   [Gigabyte Radeon RX 7600 GAMING OC 8G] is enabled
5642  |Debug:   [Gigabyte Radeon RX 7600 GAMING OC 8G] is enabled
5642  |Debug:   [Gigabyte Radeon RX 7600 XT GAMING OC 16G] is enabled
5642  |Debug:   [Gigabyte Radeon RX 6700 XT GAMING OC 12G] is enabled
5642  |Debug:   [Gigabyte Radeon RX 6800 XT GAMING OC] is enabled
5642  |Debug:   [Gigabyte Radeon RX 6900 XT GAMING OC] is enabled
5642  |Debug:   [Gigabyte Radeon RX 7700 XT GAMING OC] is enabled
5642  |Debug:   [Gigabyte Radeon RX 7800 XT GAMING OC] is enabled
5642  |Debug:   [Gigabyte Radeon RX 7900 GRE GAMING OC] is enabled
5642  |Debug:   [Gigabyte Radeon RX 7900 XT GAMING OC] is enabled
5642  |Debug:   [Gigabyte Radeon RX 7900 XTX GAMING OC] is enabled
5642  |Debug:   [Gigabyte AORUS Radeon RX 7900 XTX ELITE 24G] is enabled
5642  |Debug:   [Gigabyte AORUS RX 6750 XT ELITE 12G] is enabled
5642  |Debug:   [Gigabyte AORUS RX 6900 XT EXTREME WATERFORCE WB] is enabled
5642  |Debug:   [Gigabyte AORUS Radeon RX 9070 XT Elite] is enabled
5642  |Debug:   [Gigabyte Radeon RX 9070 XT GAMING OC] is enabled
5642  |Debug:   [Gigabyte Radeon RX 9070 XT GAMING OC ICE] is enabled
5642  |Debug:   [Gigabyte Radeon RX 9070 GAMING OC] is enabled
5642  |Debug:   [Gigabyte GTX 1050 G1 Gaming] is enabled
5642  |Debug:   [Gigabyte GeForce GTX 1050 Ti G1 Gaming Rev A1] is enabled
5642  |Debug:   [Gigabyte GeForce GTX 1050 Ti G1 Gaming] is enabled
5642  |Debug:   [Gigabyte GeForce GTX 1060 G1 Gaming] is enabled
5642  |Debug:   [Gigabyte GeForce GTX 1060 G1 Gaming OC] is enabled
5642  |Debug:   [Gigabyte GeForce GTX 1060 Xtreme Gaming V1] is enabled
5642  |Debug:   [Gigabyte GeForce GTX 1060 Xtreme Gaming V1] is enabled
5642  |Debug:   [Gigabyte GeForce GTX 1060 Xtreme Gaming V2] is enabled
5642  |Debug:   [Gigabyte GeForce GTX 1060 Xtreme Gaming V2] is enabled
5642  |Debug:   [Gigabyte GeForce GTX 1070 Xtreme Gaming] is enabled
5642  |Debug:   [Gigabyte GeForce GTX 1070 Xtreme Gaming] is enabled
5642  |Debug:   [Gigabyte GeForce GTX 1070 G1 Gaming V1] is enabled
5642  |Debug:   [Gigabyte GeForce GTX 1070 Ti Gaming] is enabled
5642  |Debug:   [Gigabyte GeForce GTX 1080 G1 Gaming] is enabled
5642  |Debug:   [Gigabyte GeForce GTX 1080 Ti Gaming] is enabled
5642  |Debug:   [Gigabyte GeForce GTX 1080 Ti Gaming OC] is enabled
5642  |Debug:   [Gigabyte GeForce GTX 1080 Ti Gaming OC BLACK] is enabled
5642  |Debug:   [Gigabyte GeForce GTX 1080 Ti Xtreme Edition] is enabled
5642  |Debug:   [Gigabyte GeForce GTX 1080 Ti Xtreme Edition] is enabled
5642  |Debug:   [Gigabyte GeForce GTX 1080 Ti Xtreme Waterforce Edition] is enabled
5642  |Debug:   [Gigabyte GeForce GTX 1080 Ti Xtreme Waterforce Edition] is enabled
5642  |Debug:   [Gigabyte GeForce GTX 1650 Gaming OC] is enabled
5642  |Debug:   [Gigabyte GeForce GTX 1660 Gaming OC 6G] is enabled
5642  |Debug:   [Gigabyte GeForce GTX 1660 SUPER Gaming OC] is enabled
5642  |Debug:   [Gigabyte GeForce GTX 1660 Ti Gaming OC] is enabled
5642  |Debug:   [Gigabyte GeForce RTX 2060 Gaming OC] is enabled
5642  |Debug:   [Gigabyte GeForce RTX 2060 Gaming OC PRO] is enabled
5642  |Debug:   [Gigabyte GeForce RTX 2060 Gaming OC PRO V2] is enabled
5642  |Debug:   [Gigabyte GeForce RTX 2060 Gaming OC PRO V3] is enabled
5642  |Debug:   [Gigabyte GeForce RTX 2060 Gaming OC PRO White] is enabled
5642  |Debug:   [Gigabyte GeForce RTX 2060 SUPER Gaming] is enabled
5642  |Debug:   [Gigabyte GeForce RTX 2060 SUPER Gaming OC] is enabled
5642  |Debug:   [Gigabyte GeForce RTX 2060 SUPER Gaming OC 3X White] is enabled
5642  |Debug:   [Gigabyte GeForce RTX 2060 SUPER Gaming OC 3X V2] is enabled
5642  |Debug:   [Gigabyte GeForce RTX 2070 Gaming OC] is enabled
5642  |Debug:   [Gigabyte GeForce RTX 2070 Gaming OC] is enabled
5642  |Debug:   [Gigabyte GeForce RTX 2070 Gaming OC 8GC] is enabled
5642  |Debug:   [Gigabyte GeForce RTX 2070 Windforce] is enabled
5642  |Debug:   [Gigabyte GeForce RTX 2070 SUPER Gaming OC] is enabled
5642  |Debug:   [Gigabyte GeForce RTX 2070 SUPER Gaming OC 3X] is enabled
5642  |Debug:   [Gigabyte GeForce RTX 2070 SUPER Gaming OC 3X] is enabled
5642  |Debug:   [Gigabyte GeForce RTX 2070 SUPER Gaming OC 3X White] is enabled
5642  |Debug:   [Gigabyte GeForce RTX 2080 Gaming OC] is enabled
5642  |Debug:   [Gigabyte GeForce RTX 2080 Gaming OC] is enabled
5642  |Debug:   [Gigabyte GeForce RTX 2080 Ti GAMING OC] is enabled
5642  |Debug:   [Gigabyte GeForce RTX 2080 SUPER Gaming OC] is enabled
5642  |Debug:   [Gigabyte GeForce RTX 3050 Gaming OC] is enabled
5642  |Debug:   [Gigabyte GeForce RTX 3060 EAGLE OC] is enabled
5642  |Debug:   [Gigabyte GeForce RTX 3060 EAGLE OC] is enabled
5642  |Debug:   [Gigabyte GeForce RTX 3060 EAGLE OC V2] is enabled
5642  |Debug:   [Gigabyte GeForce RTX 3060 EAGLE LHR V2] is enabled
5642  |Debug:   [Gigabyte GeForce RTX 3060 Vision OC] is enabled
5642  |Debug:   [Gigabyte GeForce RTX 3060 Vision OC LHR] is enabled
5642  |Debug:   [Gigabyte GeForce RTX 3060 Vision OC V3] is enabled
5642  |Debug:   [Gigabyte GeForce RTX 3060 Gaming OC] is enabled
5642  |Debug:   [Gigabyte GeForce RTX 3060 Gaming OC V2] is enabled
5642  |Debug:   [Gigabyte GeForce RTX 3060 Gaming OC] is enabled
5642  |Debug:   [Gigabyte GeForce RTX 3060 Ti Gaming OC LHR V2] is enabled
5642  |Debug:   [Gigabyte GeForce RTX 3060 Ti EAGLE OC] is enabled
5642  |Debug:   [Gigabyte GeForce RTX 3060 Ti EAGLE OC LHR V2] is enabled
5642  |Debug:   [Gigabyte GeForce RTX 3060 Ti EAGLE OC LHR V2] is enabled
5642  |Debug:   [Gigabyte GeForce RTX 3060 Ti Vision OC] is enabled
5642  |Debug:   [Gigabyte GeForce RTX 3070 Gaming OC] is enabled
5642  |Debug:   [Gigabyte GeForce RTX 3070 Gaming OC LHR V3] is enabled
5642  |Debug:   [Gigabyte GeForce RTX 3070 Vision] is enabled
5642  |Debug:   [Gigabyte GeForce RTX 3070 Vision LHR V2] is enabled
5642  |Debug:   [Gigabyte GeForce RTX 3070 Eagle OC] is enabled
5642  |Debug:   [Gigabyte GeForce RTX 3070 Eagle OC LHR V2] is enabled
5642  |Debug:   [Gigabyte GeForce RTX 3070 Ti Gaming OC] is enabled
5642  |Debug:   [Gigabyte GeForce RTX 3070 Ti EAGLE] is enabled
5642  |Debug:   [Gigabyte GeForce RTX 3070 Ti Vision OC] is enabled
5642  |Debug:   [Gigabyte GeForce RTX 3080 Gaming OC] is enabled
5642  |Debug:   [Gigabyte GeForce RTX 3080 Vision OC] is enabled
5642  |Debug:   [Gigabyte GeForce RTX 3080 EAGLE OC] is enabled
5643  |Debug:   [Gigabyte GeForce RTX 3080 Gaming OC LHR] is enabled
5643  |Debug:   [Gigabyte GeForce RTX 3080 Vision OC LHR V2] is enabled
5643  |Debug:   [Gigabyte GeForce RTX 3080 12G Gaming OC] is enabled
5643  |Debug:   [Gigabyte GeForce RTX 3080 Ti Gaming OC] is enabled
5643  |Debug:   [Gigabyte GeForce RTX 3080 Ti EAGLE] is enabled
5643  |Debug:   [Gigabyte GeForce RTX 3080 Ti EAGLE OC] is enabled
5643  |Debug:   [Gigabyte GeForce RTX 3090 Gaming OC] is enabled
5643  |Debug:   [Gigabyte GeForce RTX 4060 Gaming OC] is enabled
5643  |Debug:   [Gigabyte GeForce RTX 4060 Ti Gaming OC] is enabled
5643  |Debug:   [Gigabyte GeForce RTX 4060 Ti Gaming OC] is enabled
5643  |Debug:   [Gigabyte GeForce RTX 4070 Ti SUPER EAGLE OC] is enabled
5643  |Debug:   [MANLI GeForce RTX 4090 Gallardo] is enabled
5643  |Debug:   [Palit GeForce GTX 1060] is enabled
5643  |Debug:   [Palit GeForce GTX 1070] is enabled
5643  |Debug:   [Palit GeForce GTX 1070 Ti] is enabled
5643  |Debug:   [Palit GeForce GTX 1080] is enabled
5643  |Debug:   [Palit GeForce GTX 1080 Ti] is enabled
5643  |Debug:   [PNY GeForce RTX 5060Ti ARGB Epic-X OC] is enabled
5643  |Debug:   [PNY GeForce RTX 5070 ARGB Epic-X OC] is enabled
5643  |Debug:   [PNY GeForce RTX 5070Ti ARGB Epic-X OC] is enabled
5643  |Debug:   [PNY GeForce RTX 5080 ARGB Epic-X OC] is enabled
5643  |Debug:   [PNY GeForce RTX 5090 ARGB Epic-X OC] is enabled
5643  |Debug:   [PNY GeForce RTX 2060 XLR8 OC EDITION] is enabled
5643  |Debug:   [PNY GeForce RTX 3060 XLR8 Revel EPIC-X] is enabled
5643  |Debug:   [PNY GeForce RTX 3070 XLR8 Revel EPIC-X] is enabled
5643  |Debug:   [PNY GeForce RTX 3070 XLR8 Revel EPIC-X LHR] is enabled
5643  |Debug:   [PNY GeForce RTX 3080 XLR8 Revel EPIC-X] is enabled
5643  |Debug:   [PNY GeForce RTX 3080 Ti XLR8 Revel EPIC-X] is enabled
5643  |Debug:   [PNY GeForce RTX 3090 XLR8 Revel EPIC-X] is enabled
5643  |Debug:   [Palit GeForce RTX 2070 SUPER Jetstream] is enabled
5643  |Debug:   [Palit GeForce RTX 3060] is enabled
5643  |Debug:   [Palit GeForce RTX 3060 LHR] is enabled
5643  |Debug:   [Palit GeForce RTX 3060 Ti] is enabled
5643  |Debug:   [Palit GeForce RTX 3060 Ti LHR] is enabled
5643  |Debug:   [Palit GeForce RTX 3060 Ti Dual] is enabled
5643  |Debug:   [Palit GeForce RTX 3070] is enabled
5643  |Debug:   [Palit GeForce RTX 3070 LHR] is enabled
5643  |Debug:   [Palit GeForce RTX 3070 Gamerock LHR] is enabled
5643  |Debug:   [Palit GeForce RTX 3070 Ti] is enabled
5643  |Debug:   [Palit GeForce RTX 3070 Ti GamingPro] is enabled
5643  |Debug:   [Palit GeForce RTX 3080] is enabled
5643  |Debug:   [Palit GeForce RTX 3080 LHR] is enabled
5643  |Debug:   [Palit GeForce RTX 3080 Gamerock] is enabled
5643  |Debug:   [Palit GeForce RTX 3080 Gamerock LHR] is enabled
5643  |Debug:   [Palit GeForce RTX 3080 12GB GamingPro] is enabled
5643  |Debug:   [Palit GeForce RTX 3080 Ti] is enabled
5643  |Debug:   [Palit GeForce RTX 3080 Ti Gamerock] is enabled
5643  |Debug:   [Palit GeForce RTX 3090] is enabled
5643  |Debug:   [Palit GeForce RTX 3090 Gamerock] is enabled
5643  |Debug:   [Palit GeForce RTX 4070 Ti] is enabled
5643  |Debug:   [Palit GeForce RTX 4070 Ti Gamerock] is enabled
5643  |Debug:   [Palit GeForce RTX 4070 Ti SUPER GamingPro] is enabled
5643  |Debug:   [Palit GeForce RTX 4080 GamingPro] is enabled
5643  |Debug:   [Palit GeForce RTX 4080 SUPER GamingPro] is enabled
5643  |Debug:   [Palit GeForce RTX 4090 Gamerock] is enabled
5643  |Debug:   [Palit GeForce RTX 5060 Ti White OC 16GB] is enabled
5643  |Debug:   [Palit GeForce RTX 5070 GamingPro] is enabled
5643  |Debug:   [Palit GeForce RTX 5070 Ti GameRock] is enabled
5643  |Debug:   [Palit GeForce RTX 5070 Ti GamingPro] is enabled
5643  |Debug:   [Palit GeForce RTX 5070 Ti GamingPro-S] is enabled
5643  |Debug:   [Palit GeForce RTX 5080 GameRock] is enabled
5643  |Debug:   [Palit GeForce RTX 5080 GamingPro] is enabled
5643  |Debug:   [Palit GeForce RTX 5090 Gamerock] is enabled
5643  |Debug:   [NVIDIA GeForce RTX 2060 SUPER] is enabled
5643  |Debug:   [NVIDIA GeForce RTX 2080 SUPER] is enabled
5643  |Debug:   [PNY GeForce RTX 4070 Ti XLR8 VERTO Epic-X] is enabled
5643  |Debug:   [PNY GeForce RTX 4070 Ti XLR8 VERTO REV1] is enabled
5643  |Debug:   [PNY GeForce RTX 4070 Ti XLR8 VERTO REV2] is enabled
5643  |Debug:   [PNY GeForce RTX 4070 Ti XLR8 VERTO OC] is enabled
5643  |Debug:   [PNY GeForce RTX 4070 Ti Super XLR8 VERTO OC] is enabled
5643  |Debug:   [PNY GeForce RTX 4080 XLR8 UPRISING] is enabled
5643  |Debug:   [PNY GeForce RTX 4080 XLR8 VERTO] is enabled
5643  |Debug:   [PNY GeForce RTX 4080 SUPER XLR8 VERTO] is enabled
5643  |Debug:   [PNY GeForce RTX 4080 XLR8 Verto Epic-X] is enabled
5643  |Debug:   [PNY GeForce RTX 4090 XLR8 VERTO] is enabled
5643  |Debug:   [PNY GeForce RTX 4090 XLR8 Verto Epic-X] is enabled
5643  |Debug:   [PNY GeForce RTX 4090 XLR8 Verto Epic-X OC] is enabled
5643  |Debug:   [PowerColor Red Devil RX5700] is enabled
5643  |Debug:   [PowerColor Red Devil RX5700XT] is enabled
5643  |Debug:   [PowerColor Red Devil RX6750XT] is enabled
5643  |Debug:   [PowerColor Red Devil RX6800XT] is enabled
5643  |Debug:   [PowerColor Red Devil RX6900XT] is enabled
5643  |Debug:   [PowerColor Red Devil RX6900XT] is enabled
5643  |Debug:   [PowerColor Red Devil RX6900XT Ultimate] is enabled
5643  |Debug:   [PowerColor Red Devil RX9070XT] is enabled
5643  |Debug:   [Sapphire Radeon RX 470/480 Nitro+] is enabled
5643  |Debug:   [Sapphire Radeon RX 570/580/590 Nitro+] is enabled
5643  |Debug:   [Sapphire Radeon RX 570/580/590 Nitro+] is enabled
5643  |Debug:   [Sapphire Radeon RX 580 Nitro+ (2048SP)] is enabled
5643  |Debug:   [Sapphire Radeon RX Vega 56/64 Nitro+] is enabled
5643  |Debug:   [Sapphire Radeon RX 5500 XT Nitro+] is enabled
5643  |Debug:   [Sapphire Radeon RX 5700 XT Nitro+] is enabled
5643  |Debug:   [Sapphire Radeon RX 5700 XT Nitro+] is enabled
5643  |Debug:   [Sapphire Radeon RX 5700 XT Nitro+] is enabled
5643  |Debug:   [Sapphire Radeon RX 6600 XT Nitro+] is enabled
5643  |Debug:   [Sapphire Radeon RX 6650 XT Nitro+] is enabled
5643  |Debug:   [Sapphire Radeon RX 6700 XT Nitro+] is enabled
5643  |Debug:   [Sapphire Radeon RX 6750 XT Nitro+] is enabled
5643  |Debug:   [Sapphire Radeon RX 6800 Nitro+] is enabled
5643  |Debug:   [Sapphire Radeon RX 6800 XT Nitro+ SE] is enabled
5643  |Debug:   [Sapphire Radeon RX 6800 XT/6900 XT Nitro+] is enabled
5643  |Debug:   [Sapphire Radeon RX 6900 XT Nitro+ SE] is enabled
5643  |Debug:   [Sapphire Radeon RX 6900 XT Toxic] is enabled
5643  |Debug:   [Sapphire Radeon RX 6900 XT Toxic] is enabled
5643  |Debug:   [Sapphire Radeon RX 6900 XT Toxic Limited Edition] is enabled
5643  |Debug:   [Sapphire Radeon RX 6950 XT Toxic] is enabled
5643  |Debug:   [Sapphire Radeon RX 6950 XT Nitro+] is enabled
5643  |Debug:   [Sapphire Radeon RX 6950 XT Nitro+ Pure] is enabled
5643  |Debug:   [Sapphire Radeon RX 7700 XT Nitro+] is enabled
5643  |Debug:   [Sapphire Radeon RX 7800 XT Nitro+] is enabled
5643  |Debug:   [Sapphire Radeon RX 7900 GRE Nitro+] is enabled
5644  |Debug:   [Sapphire Radeon RX 7900 XTX Nitro+] is enabled
5644  |Debug:   [Sapphire Radeon RX 9060 XT Pure] is enabled
5644  |Debug:   [Sapphire Radeon RX 9060 XT Nitro+] is enabled
5644  |Debug:   [Sapphire Radeon RX 9070 Pure] is enabled
5644  |Debug:   [Sapphire Radeon RX 9070 XT Nitro+] is enabled
5644  |Debug:   [Sapphire Radeon RX 9070 XT Pure] is enabled
5644  |Debug:   [ZOTAC GAMING GeForce RTX 5080 AMP Extreme INFINITY] is enabled
5644  |Debug:   [ZOTAC GAMING GeForce RTX 5090 SOLID OC] is enabled
5644  |Debug:   [ZOTAC GAMING GeForce RTX 2070 SUPER Twin Fan] is enabled
5644  |Debug:   [ZOTAC GAMING GeForce RTX 2080 SUPER Twin Fan] is enabled
5644  |Debug:   [ZOTAC GAMING GeForce RTX 2080 AMP] is enabled
5644  |Debug:   [ZOTAC GAMING GeForce RTX 2080 Ti AMP] is enabled
5644  |Debug:   [ZOTAC GAMING GeForce RTX 3070 AMP Holo LHR] is enabled
5644  |Debug:   [ZOTAC GAMING GeForce RTX 3070 Ti] is enabled
5644  |Debug:   [ZOTAC GAMING GeForce RTX 3070 Ti Trinity OC/AMP Holo] is enabled
5644  |Debug:   [ZOTAC GAMING GeForce RTX 3080 Trinity OC] is enabled
5644  |Debug:   [ZOTAC GAMING GeForce RTX 3080 Trinity LHR] is enabled
5644  |Debug:   [ZOTAC GAMING GeForce RTX 3080 AMP Holo] is enabled
5644  |Debug:   [ZOTAC GAMING GeForce RTX 3080 AMP Holo LHR] is enabled
5644  |Debug:   [ZOTAC GAMING GeForce RTX 3080 12GB Trinity OC LHR] is enabled
5644  |Debug:   [ZOTAC GAMING GeForce RTX 3080 Ti AMP Holo] is enabled
5644  |Debug:   [ZOTAC GAMING GeForce RTX 3090 AMP Extreme Holo] is enabled
5644  |Debug:   [ZOTAC GAMING GeForce RTX 3090 Trinity] is enabled
5644  |Debug:   [ZOTAC GAMING GeForce RTX 4070 Ti Trinity OC] is enabled
5644  |Debug:   [ZOTAC GAMING GeForce RTX 4080 AMP Extreme AIRO] is enabled
5644  |Debug:   [ZOTAC GAMING GeForce RTX 4080 AMP Extreme AIRO] is enabled
5644  |Debug:   [ZOTAC GAMING GeForce RTX 4090 Trinity OC] is enabled
5644  |Debug:   [ZOTAC GAMING GeForce RTX 4090 AMP Extreme AIRO] is enabled
5644  |Debug:   [MSI GeForce GTX 1070 Gaming X] is enabled
5644  |Debug:   [MSI GeForce GTX 1660 Gaming X] is enabled
5644  |Debug:   [MSI GeForce GTX 1660 Ti Gaming] is enabled
5644  |Debug:   [MSI GeForce GTX 1660 Ti Gaming X] is enabled
5644  |Debug:   [MSI GeForce GTX 1660 SUPER Gaming] is enabled
5644  |Debug:   [MSI GeForce GTX 1660 SUPER Gaming X] is enabled
5644  |Debug:   [MSI GeForce RTX 2060 Gaming Z] is enabled
5644  |Debug:   [MSI GeForce RTX 2060 Gaming Z] is enabled
5644  |Debug:   [MSI GeForce RTX 2060 Gaming Z] is enabled
5644  |Debug:   [MSI GeForce RTX 2060 SUPER Gaming X] is enabled
5644  |Debug:   [MSI GeForce RTX 2060 SUPER ARMOR OC] is enabled
5644  |Debug:   [MSI GeForce RTX 2070 Gaming Z] is enabled
5644  |Debug:   [MSI GeForce RTX 2070 Gaming] is enabled
5644  |Debug:   [MSI GeForce RTX 2070 ARMOR] is enabled
5644  |Debug:   [MSI GeForce RTX 2070 ARMOR OC] is enabled
5644  |Debug:   [MSI GeForce RTX 2070 SUPER ARMOR OC] is enabled
5644  |Debug:   [MSI GeForce RTX 2070 SUPER Gaming] is enabled
5644  |Debug:   [MSI GeForce RTX 2070 SUPER Gaming Trio] is enabled
5644  |Debug:   [MSI GeForce RTX 2070 SUPER Gaming X] is enabled
5644  |Debug:   [MSI GeForce RTX 2070 SUPER Gaming X Trio] is enabled
5644  |Debug:   [MSI GeForce RTX 2070 SUPER Gaming Z Trio] is enabled
5644  |Debug:   [MSI GeForce RTX 2080 Gaming Trio] is enabled
5644  |Debug:   [MSI GeForce RTX 2080 Gaming X Trio] is enabled
5644  |Debug:   [MSI GeForce RTX 2080 Gaming X Trio] is enabled
5644  |Debug:   [MSI GeForce RTX 2080 Sea Hawk EK X] is enabled
5644  |Debug:   [MSI GeForce RTX 2080 Duke OC] is enabled
5644  |Debug:   [MSI GeForce RTX 2080 SUPER Gaming X Trio] is enabled
5644  |Debug:   [MSI GeForce RTX 2080 Ti Gaming X Trio] is enabled
5644  |Debug:   [MSI GeForce RTX 2080 Ti Gaming Z Trio] is enabled
5644  |Debug:   [MSI GeForce RTX 2080 Ti Gaming X Trio] is enabled
5644  |Debug:   [MSI GeForce RTX 2080 Ti Sea Hawk EK X] is enabled
5644  |Debug:   [MSI GeForce RTX 3050 Gaming X] is enabled
5644  |Debug:   [MSI GeForce RTX 3060 Gaming X] is enabled
5644  |Debug:   [MSI GeForce RTX 3060 Gaming X LHR] is enabled
5644  |Debug:   [MSI GeForce RTX 3060 Gaming X (GA104)] is enabled
5644  |Debug:   [MSI GeForce RTX 3060 Gaming X Trio LHR] is enabled
5644  |Debug:   [MSI GeForce RTX 3060 Gaming X Trio] is enabled
5644  |Debug:   [MSI GeForce RTX 3060 Gaming Z Trio] is enabled
5644  |Debug:   [MSI GeForce RTX 3060 Ti Gaming X] is enabled
5644  |Debug:   [MSI GeForce RTX 3060 Ti Gaming X Trio] is enabled
5644  |Debug:   [MSI GeForce RTX 3060 Ti Gaming X LHR] is enabled
5644  |Debug:   [MSI GeForce RTX 3060 Ti Gaming X Trio LHR] is enabled
5644  |Debug:   [MSI GeForce RTX 3060 Ti SUPER 3X OC] is enabled
5644  |Debug:   [MSI GeForce RTX 3060 Ti Gaming X Trio] is enabled
5644  |Debug:   [MSI GeForce RTX 3070 Gaming Trio] is enabled
5644  |Debug:   [MSI GeForce RTX 3070 Gaming X Trio] is enabled
5644  |Debug:   [MSI GeForce RTX 3070 Suprim] is enabled
5644  |Debug:   [MSI GeForce RTX 3070 Suprim LHR] is enabled
5644  |Debug:   [MSI GeForce RTX 3070 Suprim X] is enabled
5644  |Debug:   [MSI GeForce RTX 3070 Suprim X LHR] is enabled
5644  |Debug:   [MSI GeForce RTX 3070 Suprim X GODZILLA LHR] is enabled
5644  |Debug:   [MSI GeForce RTX 3070 Ti Gaming X Trio] is enabled
5644  |Debug:   [MSI GeForce RTX 3070 Ti Suprim X] is enabled
5644  |Debug:   [MSI GeForce RTX 3080 Gaming Z Trio] is enabled
5644  |Debug:   [MSI GeForce RTX 3080 Gaming Z Trio LHR] is enabled
5644  |Debug:   [MSI GeForce RTX 3080 Gaming X Trio] is enabled
5644  |Debug:   [MSI GeForce RTX 3080 Suprim X] is enabled
5644  |Debug:   [MSI GeForce RTX 3080 Suprim X LHR] is enabled
5644  |Debug:   [MSI GeForce RTX 3080 12GB Suprim X LHR] is enabled
5644  |Debug:   [MSI GeForce RTX 3080 12GB Gaming Z Trio LHR] is enabled
5644  |Debug:   [MSI GeForce RTX 3080 Ti Gaming X Trio] is enabled
5644  |Debug:   [MSI GeForce RTX 3080 Ti Suprim X] is enabled
5645  |Debug:   [MSI GeForce RTX 3090 Gaming X Trio] is enabled
5645  |Debug:   [MSI GeForce RTX 3090 Suprim] is enabled
5645  |Debug:   [MSI GeForce RTX 3090 Suprim X] is enabled
5645  |Debug:   [MSI GeForce RTX 3090 Ti Suprim X] is enabled
5645  |Debug:   [MSI GeForce RTX 3090 Ti Gaming X Trio] is enabled
5645  |Debug:   [MSI Radeon RX 5600 XT Gaming X] is enabled
5645  |Debug:   [MSI Radeon RX 6600 XT Gaming X] is enabled
5645  |Debug:   [MSI Radeon RX 6650 XT Gaming X] is enabled
5645  |Debug:   [MSI Radeon RX 6700 XT Gaming X] is enabled
5645  |Debug:   [MSI Radeon RX 6750 XT Gaming X Trio] is enabled
5645  |Debug:   [MSI Radeon RX 6800 Gaming Z Trio v1] is enabled
5645  |Debug:   [MSI Radeon RX 6800 Gaming X Trio] is enabled
5645  |Debug:   [MSI Radeon RX 6800 XT Gaming X Trio] is enabled
5645  |Debug:   [MSI Radeon RX 6800 XT Gaming Z Trio] is enabled
5645  |Debug:   [MSI Radeon RX 6900 XT Gaming X Trio] is enabled
5645  |Debug:   [MSI Radeon RX 6900 XT Gaming Z Trio] is enabled
5645  |Debug:   [MSI Radeon RX 6950 XT Gaming X Trio] is enabled
5645  |Debug:   [MSI Radeon RX 6950 XT Gaming X Trio] is enabled
5645  |Debug:   [MSI Radeon RX 7900 XTX Gaming X Trio] is enabled
5645  |Debug:   [MSI Radeon RX 7900 XT Gaming Trio Classic] is enabled
5645  |Debug:   [MSI GeForce RTX 4060 Gaming X] is enabled
5645  |Debug:   [MSI GeForce RTX 4060 Gaming X NV Edition] is enabled
5645  |Debug:   [MSI GeForce RTX 4060 Ti Gaming X] is enabled
5645  |Debug:   [MSI GeForce RTX 4060 Ti 16GB Gaming X] is enabled
5645  |Debug:   [MSI GeForce RTX 4060 Ti 16GB Gaming X Slim White] is enabled
5645  |Debug:   [MSI GeForce RTX 4070 Gaming X Trio] is enabled
5645  |Debug:   [MSI GeForce RTX 4070 Gaming X Slim] is enabled
5645  |Debug:   [MSI GeForce RTX 4070 Gaming X Slim White] is enabled
5645  |Debug:   [MSI GeForce RTX 4070 SUPER Gaming X Slim] is enabled
5645  |Debug:   [MSI GeForce RTX 4070 SUPER Gaming X Slim White] is enabled
5645  |Debug:   [MSI GeForce RTX 4070 SUPER Gaming X Slim MLG] is enabled
5645  |Debug:   [MSI GeForce RTX 4070 Ti Gaming X Trio] is enabled
5645  |Debug:   [MSI GeForce RTX 4070 Ti Gaming X Trio White] is enabled
5645  |Debug:   [MSI GeForce RTX 4070 Ti Gaming X Slim White] is enabled
5645  |Debug:   [MSI GeForce RTX 4070 Ti Suprim X Trio] is enabled
5646  |Debug:   [MSI GeForce RTX 4070 Ti SUPER Gaming X Trio White] is enabled
5646  |Debug:   [MSI GeForce RTX 4070 Ti SUPER Gaming Slim] is enabled
5646  |Debug:   [MSI GeForce RTX 4070 Ti SUPER Gaming X Slim] is enabled
5646  |Debug:   [MSI GeForce RTX 4070 Ti SUPER Gaming White X Slim] is enabled
5646  |Debug:   [MSI GeForce RTX 4080 Gaming X Slim White] is enabled
5646  |Debug:   [MSI GeForce RTX 4080 Gaming X Trio] is enabled
5646  |Debug:   [MSI GeForce RTX 4080 Gaming X Trio White] is enabled
5646  |Debug:   [MSI GeForce RTX 4080 Suprim X] is enabled
5646  |Debug:   [MSI GeForce RTX 4080 SUPER Gaming X Slim] is enabled
5646  |Debug:   [MSI GeForce RTX 4080 SUPER Gaming X Slim White] is enabled
5646  |Debug:   [MSI GeForce RTX 4080 SUPER Suprim X] is enabled
5646  |Debug:   [MSI GeForce RTX 4080 SUPER Gaming X Trio] is enabled
5646  |Debug:   [MSI GeForce RTX 4090 Gaming X Trio] is enabled
5646  |Debug:   [MSI GeForce RTX 4090 Gaming X Slim] is enabled
5646  |Debug:   [MSI GeForce RTX 4090 Suprim Liquid X] is enabled
5646  |Debug:   [MSI GeForce RTX 4090 Suprim X] is enabled
5646  |Debug:   [MSI GeForce RTX 5070 Gaming Trio] is enabled
5646  |Debug:   [MSI GeForce RTX 5070 Ti Gaming Trio OC Plus] is enabled
5646  |Debug:   [MSI GeForce RTX 5070 Ti VANGUARD SOC] is enabled
5646  |Debug:   [MSI GeForce RTX 5080 Gaming Trio OC] is enabled
5646  |Debug:   [MSI GeForce RTX 5080 VANGUARD OC SOC] is enabled
5646  |Debug:   [MSI GeForce RTX 5080 SUPRIM SOC] is enabled
5646  |Debug:   [MSI GeForce RTX 5080 SUPRIM LIQUID SOC] is enabled
5646  |Debug:   [MSI GeForce RTX 5090 Gaming Trio OC] is enabled
5646  |Debug:   [MSI GeForce RTX 5090 VANGUARD SOC] is enabled
5646  |Debug:   [MSI GeForce RTX 5090 SUPRIM SOC] is enabled
5646  |Debug:   [MSI GeForce RTX 5090 SUPRIM LIQUID SOC] is enabled
5646  |Info:    ------------------------------------------------------
5646  |Info:    |               Detecting HID devices                |
5646  |Info:    ------------------------------------------------------
5646  |Debug:   [1B1C:1BB3 U=0002 P=0x0001 I=0] Corsair                   - CORSAIR K70 RGB PRO Mechanical Gaming Keyboard
5646  |Debug:   [0764:0601 U=0004 P=0x0084 I=0] CPS                       - CP1500PFCLCDa
5646  |Debug:   [0BDA:1100 U=00DA P=0xFFDA I=0] Realtek                   - HID Device
5646  |Debug:   [046D:C53A U=0001 P=0xFF00 I=2] Logitech                  - USB Receiver
5646  |Debug:   [Logitech G Powerplay Mousepad] is enabled
5655  |Debug:   Attempting to open dev path: \\?\HID#VID_046D&PID_C53A&MI_02&Col01#7&DEVICE001&0&0000#{4d1e55b2-f16f-11cf-88cb-001111000030}
5656  |Debug:   Success! Adding Usage 1 for device @ path \\?\HID#VID_046D&PID_C53A&MI_02&Col01#7&DEVICE001&0&0000#{4d1e55b2-f16f-11cf-88cb-001111000030}
5656  |Debug:   Attempting to open dev path: \\?\HID#VID_046D&PID_C53A&MI_02&Col01#7&DEVICE001&0&0000#{4d1e55b2-f16f-11cf-88cb-001111000030}
5657  |Debug:   Success! Adding Usage 2 for device @ path \\?\HID#VID_046D&PID_C53A&MI_02&Col02#7&DEVICE001&0&0001#{4d1e55b2-f16f-11cf-88cb-001111000030}
5661  |Info:    Count of connected devices to C53A: 2
5661  |Info:    Faking a reconnect to get device list
5662  |Info:    Connected Device Index 0:	VirtualID=4099		10 01 41 11 A2 99 40
5663  |Info:    Connected Device Index 1:	VirtualID=405F		10 07 41 0C A9 5F 40
5664  |Info:    Connected Device Index 2:	VirtualID=0000		10 FF 80 02 00 00 00
5717  |Debug:   Wireless device index 7 is connected - 02 01 00
6017  |Debug:   Preparing read queue for device 1 - flushed 0 packets
6317  |Debug:   Preparing read queue for device 2 - flushed 0 packets
6321  |Debug:   [] Feature Page 0005 found @ index 03 - 03 00 00 00 00 00 00 00
6324  |Debug:   [] Name Length 20 - 14 00 00 00 00 00 00 00   00 00 00 00 00 00 00 00
6327  |Debug:   [Candy companion ] Get Name 16 - 43 61 6E 64 79 20 63 6F   6D 70 61 6E 69 6F 6E 20
6330  |Debug:   [Candy companion chip] Get Name 20 - 63 68 69 70 00 00 00 00   00 00 00 00 00 00 00 00
6333  |Debug:   [Candy companion chip] Get Type 04 - 04 00 00 00 00 00 00 00   00 00 00 00 00 00 00 00
6336  |Debug:   [Candy companion chip] Feature Page 0001 found @ index 01 - 01 00 01 00 00 00 00 00
6342  |Debug:   [Candy companion chip] Feature 0001 @ index: 01
6345  |Debug:   [Candy companion chip] Feature 0003 @ index: 02
6348  |Debug:   [Candy companion chip] Feature 0005 @ index: 03
6351  |Debug:   [Candy companion chip] Feature 18A1 @ index: 04
6354  |Debug:   [Candy companion chip] Feature 1E00 @ index: 05
6357  |Debug:   [Candy companion chip] Feature 1EB0 @ index: 06
6360  |Debug:   [Candy companion chip] Feature 00C2 @ index: 07
6363  |Debug:   [Candy companion chip] Feature 1801 @ index: 08
6366  |Debug:   [Candy companion chip] Feature 1802 @ index: 09
6369  |Debug:   [Candy companion chip] Feature 1803 @ index: 0A
6372  |Debug:   [Candy companion chip] Feature 8070 @ index: 0B
6375  |Debug:   [Candy companion chip] Feature Page 8070 found @ index 0B - 0B 00 04 00 00 00 00 00
6378  |Debug:   [Candy companion chip] FP8070 - LED Count - 01 :   0003 0004 0000 0000   00 00 00 00 00 00 00
6381  |Debug:   [Candy companion chip] FP8070 - LED 00 - 00 00 02 04 00 00 00 00   00 00 00 00 00 00 00 00
6384  |Debug:   [Candy companion chip] FP8070 - LED 00 Effect 00 - 00 00 00 00 00 00 00 00   00 00 00 00 00 00 00 00
6387  |Debug:   [Candy companion chip] FP8070 - LED 00 Effect 01 - 00 01 00 01 00 00 00 00   00 00 00 00 00 00 00 00
6390  |Debug:   [Candy companion chip] FP8070 - LED 00 Effect 02 - 00 02 00 03 C0 05 03 E8   00 00 00 00 00 00 00 00
6393  |Debug:   [Candy companion chip] FP8070 - LED 00 Effect 03 - 00 03 00 0A C1 05 00 3C   00 00 00 00 00 00 00 00
6393  |Debug:   [Candy companion chip] led_response returned 1 led_counter returned 0 : setting controller to 1 LED
6396  |Debug:   Wireless device index 7 is connected - 02 01 00
6396  |Debug:   [Candy companion chip] valid_test - type 4   led_count - 1   RGB_index - 11
6399  |Debug:   Wireless device index 7 is connected - 02 01 00
6399  |Debug:   [Candy companion chip] Adding Direct & Static modes at index - 01
6399  |Debug:   [Candy companion chip] Adding Spectrum Cycle mode at index - 02
6399  |Debug:   [Candy companion chip] Adding Breathing mode at index - 03
6399  |Debug:   [Candy companion chip] Setting up 1 LEDs
6399  |Info:    [Candy companion chip] Registering RGB controller
6399  |Debug:   Added controller in 1 retries
6696  |Debug:   Wireless device index 1 is connected - 02 01 00
6996  |Debug:   Preparing read queue for device 1 - flushed 0 packets
7297  |Debug:   Preparing read queue for device 2 - flushed 0 packets
7304  |Debug:   [] Feature Page 0005 found @ index 03 - 03 00 00 00 00 00 00 00
7310  |Debug:   [] Name Length 11 - 0B 00 00 00 00 00 00 00   00 00 00 00 00 00 00 00
7316  |Debug:   [G502 X PLUS] Get Name 11 - 47 35 30 32 20 58 20 50   4C 55 53 00 00 00 00 00
7323  |Debug:   [G502 X PLUS] Get Type 03 - 03 00 00 00 00 00 00 00   00 00 00 00 00 00 00 00
7330  |Debug:   [G502 X PLUS] Feature Page 0001 found @ index 01 - 01 00 02 00 00 00 00 00
7344  |Debug:   [G502 X PLUS] Feature 0001 @ index: 01
7351  |Debug:   [G502 X PLUS] Feature 0003 @ index: 02
7358  |Debug:   [G502 X PLUS] Feature 0005 @ index: 03
7365  |Debug:   [G502 X PLUS] Feature 1D4B @ index: 04
7372  |Debug:   [G502 X PLUS] Feature 0020 @ index: 05
7379  |Debug:   [G502 X PLUS] Feature 1004 @ index: 06
7386  |Debug:   [G502 X PLUS] Feature 2201 @ index: 07
7393  |Debug:   [G502 X PLUS] Feature 2121 @ index: 08
7400  |Debug:   [G502 X PLUS] Feature 8071 @ index: 09
7407  |Debug:   [G502 X PLUS] Feature 8081 @ index: 0A
7415  |Debug:   [G502 X PLUS] Feature 8100 @ index: 0B
7421  |Debug:   [G502 X PLUS] Feature 8110 @ index: 0C
7427  |Debug:   [G502 X PLUS] Feature 8060 @ index: 0D
7434  |Debug:   [G502 X PLUS] Feature 1500 @ index: 0E
7440  |Debug:   [G502 X PLUS] Feature 00D0 @ index: 0F
7447  |Debug:   [G502 X PLUS] Feature 1802 @ index: 10
7454  |Debug:   [G502 X PLUS] Feature 1803 @ index: 11
7461  |Debug:   [G502 X PLUS] Feature 1806 @ index: 12
7468  |Debug:   [G502 X PLUS] Feature 1811 @ index: 13
7475  |Debug:   [G502 X PLUS] Feature 1805 @ index: 14
7482  |Debug:   [G502 X PLUS] Feature 1830 @ index: 15
7489  |Debug:   [G502 X PLUS] Feature 1875 @ index: 16
7496  |Debug:   [G502 X PLUS] Feature 1861 @ index: 17
7503  |Debug:   [G502 X PLUS] Feature 1890 @ index: 18
7510  |Debug:   [G502 X PLUS] Feature 18A1 @ index: 19
7517  |Debug:   [G502 X PLUS] Feature 1801 @ index: 1A
7524  |Debug:   [G502 X PLUS] Feature 1E00 @ index: 1B
7531  |Debug:   [G502 X PLUS] Feature 1E22 @ index: 1C
7538  |Debug:   [G502 X PLUS] Feature 1EB0 @ index: 1D
7545  |Debug:   [G502 X PLUS] Feature 18B1 @ index: 1E
7551  |Debug:   [G502 X PLUS] Feature 18C0 @ index: 1F
7558  |Debug:   [G502 X PLUS] Feature Page 8070 found @ index 00 - 00 00 00 00 00 00 00 00
7565  |Debug:   [G502 X PLUS] Feature Page 8071 found @ index 09 - 09 00 02 00 00 00 00 00
7571  |Debug:   [G502 X PLUS] FP8071 - LED Count - 0001 :   FF 0001 0033 0004 0500   00 00 00 00 00 00 00
7578  |Debug:   [G502 X PLUS] FP8071 - LED 00 - 00 00 00 01 04 01 00 00   00 00 00 00 00 00 00 00
7585  |Debug:   [G502 X PLUS] FP8071 - LED 00 Effect 00 - 00 00 00 00 00 00 00 00   00 00 00 00 00 00 00 00
7592  |Debug:   [G502 X PLUS] FP8071 - LED 00 Effect 01 - 00 01 00 01 00 00 00 00   00 00 00 00 00 00 00 00
7599  |Debug:   [G502 X PLUS] FP8071 - LED 00 Effect 02 - 00 02 00 0A C0 01 1E 0B   00 00 00 00 00 00 00 00
7606  |Debug:   [G502 X PLUS] FP8071 - LED 00 Effect 03 - 00 03 00 03 C0 05 03 E0   00 00 00 00 00 00 00 00
7613  |Debug:   [G502 X PLUS] led_response returned 1 led_counter returned 0 : setting controller to 1 LED
7619  |Debug:   Wireless device index 1 is connected - 02 01 00
7619  |Debug:   [G502 X PLUS] valid_test - type 3   led_count - 1   RGB_index - 9
7626  |Debug:   Wireless device index 1 is connected - 02 01 00
7626  |Debug:   [G502 X PLUS] Adding Direct & Static modes at index - 01
7626  |Debug:   [G502 X PLUS] Adding Breathing mode at index - 02
7626  |Debug:   [G502 X PLUS] Adding Spectrum Cycle mode at index - 03
7626  |Debug:   [G502 X PLUS] Setting up 1 LEDs
7626  |Info:    [G502 X PLUS] Registering RGB controller
7626  |Debug:   Added controller in 1 retries
7626  |Debug:   [046D:C53A U=0006 P=0x0001 I=0] Logitech                  - USB Receiver
7626  |Debug:   [046D:C53A U=0002 P=0xFF00 I=2] Logitech                  - USB Receiver
7626  |Debug:   [0B05:1936 U=00A1 P=0xFF72 I=0] AsusTek Computer Inc.     - OLED Controller
7626  |Debug:   [0B05:18F3 U=00A1 P=0xFF72 I=2] AsusTek Computer Inc.     - AURA LED Controller
7626  |Debug:   [ASUS Aura Motherboard] is enabled
7626  |Info:    [Lightspeed watcher] Watching 2 receiver slot(s)
7684  |Debug:   [AULA3-6K75-0309] ASUS Aura USB config table:
7684  |Debug:   [AULA3-6K75-0309] 1E 9F 03 01 00 00
7684  |Debug:   [AULA3-6K75-0309] 78 3C 00 01 00 00
7684  |Debug:   [AULA3-6K75-0309] 78 3C 00 01 00 00
7684  |Debug:   [AULA3-6K75-0309] 78 3C 00 00 00 00
7684  |Debug:   [AULA3-6K75-0309] 00 00 00 05 08 02
7684  |Debug:   [AULA3-6K75-0309] 01 F4 00 00 00 00
7684  |Debug:   [AULA3-6K75-0309] 00 00 00 00 00 00
7684  |Debug:   [AULA3-6K75-0309] 00 00 00 00 00 00
7684  |Debug:   [AULA3-6K75-0309] 00 00 00 00 00 00
7684  |Debug:   [AULA3-6K75-0309] 00 00 00 00 00 00
7685  |Info:    [ASUS ROG MAXIMUS Z790 FORMULA] Registering RGB controller
7685  |Debug:   [3329:4B29 U=0001 P=0x000C I=5] Audeze LLC                - Audeze Maxwell HID
7685  |Debug:   [3329:4B29 U=0001 P=0xFF13 I=5] Audeze LLC                - Audeze Maxwell HID
7685  |Debug:   [3329:4B29 U=0005 P=0x000B I=5] Audeze LLC                - Audeze Maxwell HID
7685  |Debug:   [0B05:1C8A U=00A1 P=0xFF72 I=1] AsusTek Computer Inc.     - ROG Gaming Display Aura Device
7685  |Debug:   [046D:C53A U=0002 P=0x0001 I=1] Logitech                  - USB Receiver
7685  |Debug:   [1050:0402 U=0001 P=0xF1D0 I=0] Yubico                    - YubiKey FIDO
7685  |Debug:   [1B1C:1BB3 U=0001 P=0xFF42 I=1] Corsair                   - CORSAIR K70 RGB PRO Mechanical Gaming Keyboard
7685  |Debug:   [Corsair K70 RGB PRO V2] is disabled
7685  |Debug:   [1B1C:1BB3 U=0002 P=0xFF42 I=2] Corsair                   - CORSAIR K70 RGB PRO Mechanical Gaming Keyboard
7685  |Debug:   [046D:C53A U=0001 P=0x000C I=1] Logitech                  - USB Receiver
7685  |Debug:   [1B1C:1BB3 U=0006 P=0x0001 I=0] Corsair                   - CORSAIR K70 RGB PRO Mechanical Gaming Keyboard
7685  |Debug:   [046D:C53A U=0080 P=0x0001 I=1] Logitech                  - USB Receiver
7685  |Debug:   [1B1C:1BF0 U=0006 P=0x0001 I=-1]                           - 
7685  |Debug:   [0B05:1A98 U=0001 P=0xFFC0 I=7] Generic                   - USB Audio
7685  |Debug:   [1B1C:1BB3 U=0001 P=0x000C I=0] Corsair                   - CORSAIR K70 RGB PRO Mechanical Gaming Keyboard
7685  |Info:    ------------------------------------------------------
7685  |Info:    |              Detecting other devices               |
7685  |Info:    ------------------------------------------------------
7685  |Debug:   [Philips amBX] is enabled
7727  |Debug:   [Arctic RGB controller] is enabled
7731  |Debug:   [BlinkyTape] is enabled
7736  |Debug:   [Corsair H100i v2] is disabled
7736  |Debug:   [Corsair Hydro Series] is disabled
7736  |Debug:   [DDP] is enabled
7736  |Debug:   [Debug Controllers] is enabled
7736  |Debug:   [DMX] is enabled
7736  |Debug:   [Dygma Raise] is enabled
7741  |Debug:   [E1.31] is enabled
7741  |Debug:   [ElgatoKeyLight] is enabled
7741  |Debug:   [Elgato Light Strip] is enabled
7741  |Debug:   [ASUS ROG Arion] is enabled
7741  |Debug:   [Espurna] is enabled
7741  |Debug:   [FanBus] is enabled
7741  |Debug:   [Gigabyte RGB] is enabled
7765  |Debug:   [Govee] is enabled
7765  |Debug:   [HYTE Nexus] is enabled
7774  |Debug:   [KasaSmart] is enabled
7774  |Debug:   [LED Strip] is enabled
7774  |Debug:   [Lian Li Uni Hub] is enabled
7815  |Debug:   [Lian Li Universal Screen] is enabled
7843  |Debug:   [LIFX] is enabled
7843  |Debug:   [MSI-RGB] is enabled
7867  |Debug:   [Nanoleaf] is enabled
7867  |Debug:   [NZXT Hue+] is enabled
7873  |Debug:   [Philips Hue] is enabled
7873  |Debug:   [Philips Wiz] is enabled
7873  |Debug:   [Seagate Firecuda HDD] is enabled
7873  |Debug:   [Thrustmaster Sol] is enabled
7901  |Debug:   [Yeelight] is enabled
7901  |Debug:   [ASUS TUF Laptop] is enabled
7907  |Debug:   [Creative SoundBlaster AE-5] is enabled
7908  |Info:    [Creative SoundBlaster AE-5] Windows detection function called
7908  |Debug:   [Creative SoundBlaster AE-5] Looking for vendor 0x1102, device 0x0012
7909  |Warning: [Creative SoundBlaster AE-5] No matching device found
7909  |Warning: [Creative SoundBlaster AE-5] Device initialization failed
7909  |Debug:   [XPG Spectrix S40G] is enabled
7910  |Debug:   [HP Omen 4-Zone Laptop Keyboard] is enabled
7917  |Debug:   [Nvidia NvAPI Illumination] is enabled
7918  |Debug:   [NVIDIA GeForce RTX 4090 FE] Nvidia NvAPI Illumination GPU found
7948  |Info:    [NVIDIA GeForce RTX 4090 FE] Registering RGB controller
7949  |Debug:   [HYTE Mousemat] is enabled
7953  |Info:    [ResourceManager] Calling Post-detection callbacks
7953  |Info:    ------------------------------------------------------
7953  |Info:    |                Detection completed                 |
7953  |Info:    ------------------------------------------------------
7953  |Debug:   [ZonesBulkResizer] Skipping zones sizes checks.
7954  |Info:    [ProfileManager] Profile loading: Succeeded for Kingston Fury DDR5 DRAM @ I2C: i801, addresses [0x61,0x63]
7954  |Info:    [ProfileManager] Profile loading: Succeeded for Candy companion chip @ HID: \\?\HID#VID_046D&PID_C53A&MI_02&Col01#7&DEVICE001&0&0000#{4d1e55b2-f16f-11cf-88cb-001111000030} (Receiver) 
Wireless Index: 7
7954  |Info:    [ProfileManager] Profile loading: Succeeded for G502 X PLUS @ HID: \\?\HID#VID_046D&PID_C53A&MI_02&Col01#7&DEVICE001&0&0000#{4d1e55b2-f16f-11cf-88cb-001111000030} (Receiver) 
Wireless Index: 1
7954  |Info:    [ProfileManager] Profile loading: Succeeded for ASUS ROG MAXIMUS Z790 FORMULA @ HID: \\?\HID#VID_0B05&PID_18F3&MI_02#7&DEVICE002&0&0000#{4d1e55b2-f16f-11cf-88cb-001111000030}
7954  |Info:    [ProfileManager] Profile loading: Succeeded for NVIDIA GeForce RTX 4090 FE @ 
7962  |Debug:   [Kingston Fury DDR4/5 DRAM] device update mode
7964  |Debug:   [Kingston Fury DDR4/5 DRAM] 61 reading register &09=10; res=105A
7964  |Debug:   [Kingston Fury DDR4/5 DRAM] 61 beginning transaction
7965  |Debug:   [Kingston Fury DDR4/5 DRAM] 61 setting register &08=53; res=FFFFFFFF
7997  |Debug:   [Kingston Fury DDR4/5 DRAM] 61 setting register &08=53; res=00
7997  |Debug:   [Kingston Fury DDR4/5 DRAM] 63 beginning transaction
7998  |Debug:   [Kingston Fury DDR4/5 DRAM] 63 setting register &08=53; res=00
8009  |Debug:   [Kingston Fury DDR4/5 DRAM] 61 register already set &09=10
8010  |Debug:   [Kingston Fury DDR4/5 DRAM] 63 setting register &09=10; res=00
8022  |Debug:   [Kingston Fury DDR4/5 DRAM] 61 setting register &50=FF; res=00
8024  |Debug:   [Kingston Fury DDR4/5 DRAM] 63 setting register &50=FF; res=00
8036  |Debug:   [Kingston Fury DDR4/5 DRAM] 61 setting register &52=FF; res=00
8037  |Debug:   [Kingston Fury DDR4/5 DRAM] 63 setting register &52=FF; res=00
8049  |Debug:   [Kingston Fury DDR4/5 DRAM] 61 setting register &51=00; res=00
8050  |Debug:   [Kingston Fury DDR4/5 DRAM] 63 setting register &51=00; res=00
8062  |Debug:   [Kingston Fury DDR4/5 DRAM] 61 setting register &53=FF; res=00
8064  |Debug:   [Kingston Fury DDR4/5 DRAM] 63 setting register &53=FF; res=00
8075  |Debug:   [Kingston Fury DDR4/5 DRAM] 61 setting register &55=FF; res=00
8077  |Debug:   [Kingston Fury DDR4/5 DRAM] 63 setting register &55=FF; res=00
8088  |Debug:   [Kingston Fury DDR4/5 DRAM] 61 setting register &54=00; res=00
8090  |Debug:   [Kingston Fury DDR4/5 DRAM] 63 setting register &54=00; res=00
8103  |Debug:   [Kingston Fury DDR4/5 DRAM] 61 setting register &56=FF; res=00
8104  |Debug:   [Kingston Fury DDR4/5 DRAM] 63 setting register &56=FF; res=00
8116  |Debug:   [Kingston Fury DDR4/5 DRAM] 61 setting register &58=FF; res=00
8117  |Debug:   [Kingston Fury DDR4/5 DRAM] 63 setting register &58=FF; res=00
8129  |Debug:   [Kingston Fury DDR4/5 DRAM] 61 setting register &57=00; res=00
8130  |Debug:   [Kingston Fury DDR4/5 DRAM] 63 setting register &57=00; res=00
8142  |Debug:   [Kingston Fury DDR4/5 DRAM] 61 setting register &59=FF; res=00
8144  |Debug:   [Kingston Fury DDR4/5 DRAM] 63 setting register &59=FF; res=00
8156  |Debug:   [Kingston Fury DDR4/5 DRAM] 61 setting register &5B=FF; res=00
8157  |Debug:   [Kingston Fury DDR4/5 DRAM] 63 setting register &5B=FF; res=00
8169  |Debug:   [Kingston Fury DDR4/5 DRAM] 61 setting register &5A=00; res=00
8171  |Debug:   [Kingston Fury DDR4/5 DRAM] 63 setting register &5A=00; res=00
8183  |Debug:   [Kingston Fury DDR4/5 DRAM] 61 setting register &5C=FF; res=00
8185  |Debug:   [Kingston Fury DDR4/5 DRAM] 63 setting register &5C=FF; res=00
8197  |Debug:   [Kingston Fury DDR4/5 DRAM] 61 setting register &5E=FF; res=00
8198  |Debug:   [Kingston Fury DDR4/5 DRAM] 63 setting register &5E=FF; res=00
8210  |Debug:   [Kingston Fury DDR4/5 DRAM] 61 setting register &5D=00; res=00
8212  |Debug:   [Kingston Fury DDR4/5 DRAM] 63 setting register &5D=00; res=00
8224  |Debug:   [Kingston Fury DDR4/5 DRAM] 61 setting register &5F=FF; res=00
8225  |Debug:   [Kingston Fury DDR4/5 DRAM] 63 setting register &5F=FF; res=00
8237  |Debug:   [Kingston Fury DDR4/5 DRAM] 61 setting register &61=FF; res=00
8239  |Debug:   [Kingston Fury DDR4/5 DRAM] 63 setting register &61=FF; res=00
8250  |Debug:   [Kingston Fury DDR4/5 DRAM] 61 setting register &60=00; res=00
8252  |Debug:   [Kingston Fury DDR4/5 DRAM] 63 setting register &60=00; res=00
8264  |Debug:   [Kingston Fury DDR4/5 DRAM] 61 setting register &62=FF; res=00
8266  |Debug:   [Kingston Fury DDR4/5 DRAM] 63 setting register &62=FF; res=00
8277  |Debug:   [Kingston Fury DDR4/5 DRAM] 61 setting register &64=FF; res=00
8279  |Debug:   [Kingston Fury DDR4/5 DRAM] 63 setting register &64=FF; res=00
8291  |Debug:   [Kingston Fury DDR4/5 DRAM] 61 setting register &63=00; res=00
8292  |Debug:   [Kingston Fury DDR4/5 DRAM] 63 setting register &63=00; res=00
8304  |Debug:   [Kingston Fury DDR4/5 DRAM] 61 setting register &65=FF; res=00
8306  |Debug:   [Kingston Fury DDR4/5 DRAM] 63 setting register &65=FF; res=00
8317  |Debug:   [Kingston Fury DDR4/5 DRAM] 61 setting register &67=FF; res=00
8319  |Debug:   [Kingston Fury DDR4/5 DRAM] 63 setting register &67=FF; res=00
8332  |Debug:   [Kingston Fury DDR4/5 DRAM] 61 setting register &66=00; res=00
8334  |Debug:   [Kingston Fury DDR4/5 DRAM] 63 setting register &66=00; res=00
8345  |Debug:   [Kingston Fury DDR4/5 DRAM] 61 setting register &68=FF; res=00
8347  |Debug:   [Kingston Fury DDR4/5 DRAM] 63 setting register &68=FF; res=00
8359  |Debug:   [Kingston Fury DDR4/5 DRAM] 61 setting register &6A=FF; res=00
8360  |Debug:   [Kingston Fury DDR4/5 DRAM] 63 setting register &6A=FF; res=00
8372  |Debug:   [Kingston Fury DDR4/5 DRAM] 61 setting register &69=00; res=00
8374  |Debug:   [Kingston Fury DDR4/5 DRAM] 63 setting register &69=00; res=00
8386  |Debug:   [Kingston Fury DDR4/5 DRAM] 61 setting register &6B=FF; res=00
8388  |Debug:   [Kingston Fury DDR4/5 DRAM] 63 setting register &6B=FF; res=00
8399  |Debug:   [Kingston Fury DDR4/5 DRAM] 61 setting register &6D=FF; res=00
8401  |Debug:   [Kingston Fury DDR4/5 DRAM] 63 setting register &6D=FF; res=00
8413  |Debug:   [Kingston Fury DDR4/5 DRAM] 61 setting register &6C=00; res=00
8415  |Debug:   [Kingston Fury DDR4/5 DRAM] 63 setting register &6C=00; res=00
8426  |Debug:   [Kingston Fury DDR4/5 DRAM] 61 setting register &6E=FF; res=00
8428  |Debug:   [Kingston Fury DDR4/5 DRAM] 63 setting register &6E=FF; res=00
8439  |Debug:   [Kingston Fury DDR4/5 DRAM] 61 setting register &70=FF; res=00
8441  |Debug:   [Kingston Fury DDR4/5 DRAM] 63 setting register &70=FF; res=00
8453  |Debug:   [Kingston Fury DDR4/5 DRAM] 61 setting register &6F=00; res=00
8455  |Debug:   [Kingston Fury DDR4/5 DRAM] 63 setting register &6F=00; res=00
8466  |Debug:   [Kingston Fury DDR4/5 DRAM] 61 setting register &71=FF; res=00
8468  |Debug:   [Kingston Fury DDR4/5 DRAM] 63 setting register &71=FF; res=00
8479  |Debug:   [Kingston Fury DDR4/5 DRAM] 61 setting register &73=FF; res=00
8481  |Debug:   [Kingston Fury DDR4/5 DRAM] 63 setting register &73=FF; res=00
8494  |Debug:   [Kingston Fury DDR4/5 DRAM] 61 setting register &72=00; res=00
8495  |Debug:   [Kingston Fury DDR4/5 DRAM] 63 setting register &72=00; res=00
8507  |Debug:   [Kingston Fury DDR4/5 DRAM] 61 setting register &20=50; res=00
8508  |Debug:   [Kingston Fury DDR4/5 DRAM] 63 setting register &20=50; res=00
8520  |Debug:   [Kingston Fury DDR4/5 DRAM] 61 setting register &27=02; res=00
8522  |Debug:   [Kingston Fury DDR4/5 DRAM] 63 setting register &27=02; res=00
8533  |Debug:   [Kingston Fury DDR4/5 DRAM] 61 ending transaction
8534  |Debug:   [Kingston Fury DDR4/5 DRAM] 61 setting register &08=44; res=00
8534  |Debug:   [Kingston Fury DDR4/5 DRAM] 63 ending transaction
8536  |Debug:   [Kingston Fury DDR4/5 DRAM] 63 setting register &08=44; res=00
8546  |Debug:   [CLI] Updating mode for Kingston Fury DDR5 DRAM to 0
8546  |Debug:   [Kingston Fury DDR4/5 DRAM] 61 beginning transaction
8548  |Debug:   [Kingston Fury DDR4/5 DRAM] 61 setting register &08=53; res=00
8548  |Debug:   [Kingston Fury DDR4/5 DRAM] 63 beginning transaction
8549  |Debug:   [Kingston Fury DDR4/5 DRAM] 63 setting register &08=53; res=00
8560  |Debug:   [Kingston Fury DDR4/5 DRAM] 61 register already set &09=10
8560  |Debug:   [Kingston Fury DDR4/5 DRAM] 63 register already set &09=10
8560  |Debug:   [Kingston Fury DDR4/5 DRAM] 61 register already set &50=FF
8560  |Debug:   [Kingston Fury DDR4/5 DRAM] 63 register already set &50=FF
8560  |Debug:   [Kingston Fury DDR4/5 DRAM] 61 register already set &52=FF
8560  |Debug:   [Kingston Fury DDR4/5 DRAM] 63 register already set &52=FF
8560  |Debug:   [Kingston Fury DDR4/5 DRAM] 61 register already set &51=00
8560  |Debug:   [Kingston Fury DDR4/5 DRAM] 63 register already set &51=00
8560  |Debug:   [Kingston Fury DDR4/5 DRAM] 61 register already set &53=FF
8560  |Debug:   [Kingston Fury DDR4/5 DRAM] 63 register already set &53=FF
8560  |Debug:   [Kingston Fury DDR4/5 DRAM] 61 register already set &55=FF
8560  |Debug:   [Kingston Fury DDR4/5 DRAM] 63 register already set &55=FF
8560  |Debug:   [Kingston Fury DDR4/5 DRAM] 61 register already set &54=00
8560  |Debug:   [Kingston Fury DDR4/5 DRAM] 63 register already set &54=00
8560  |Debug:   [Kingston Fury DDR4/5 DRAM] 61 register already set &56=FF
8560  |Debug:   [Kingston Fury DDR4/5 DRAM] 63 register already set &56=FF
8560  |Debug:   [Kingston Fury DDR4/5 DRAM] 61 register already set &58=FF
8560  |Debug:   [Kingston Fury DDR4/5 DRAM] 63 register already set &58=FF
8560  |Debug:   [Kingston Fury DDR4/5 DRAM] 61 register already set &57=00
8560  |Debug:   [Kingston Fury DDR4/5 DRAM] 63 register already set &57=00
8560  |Debug:   [Kingston Fury DDR4/5 DRAM] 61 register already set &59=FF
8560  |Debug:   [Kingston Fury DDR4/5 DRAM] 63 register already set &59=FF
8560  |Debug:   [Kingston Fury DDR4/5 DRAM] 61 register already set &5B=FF
8560  |Debug:   [Kingston Fury DDR4/5 DRAM] 63 register already set &5B=FF
8560  |Debug:   [Kingston Fury DDR4/5 DRAM] 61 register already set &5A=00
8560  |Debug:   [Kingston Fury DDR4/5 DRAM] 63 register already set &5A=00
8560  |Debug:   [Kingston Fury DDR4/5 DRAM] 61 register already set &5C=FF
8560  |Debug:   [Kingston Fury DDR4/5 DRAM] 63 register already set &5C=FF
8560  |Debug:   [Kingston Fury DDR4/5 DRAM] 61 register already set &5E=FF
8560  |Debug:   [Kingston Fury DDR4/5 DRAM] 63 register already set &5E=FF
8560  |Debug:   [Kingston Fury DDR4/5 DRAM] 61 register already set &5D=00
8560  |Debug:   [Kingston Fury DDR4/5 DRAM] 63 register already set &5D=00
8560  |Debug:   [Kingston Fury DDR4/5 DRAM] 61 register already set &5F=FF
8560  |Debug:   [Kingston Fury DDR4/5 DRAM] 63 register already set &5F=FF
8560  |Debug:   [Kingston Fury DDR4/5 DRAM] 61 register already set &61=FF
8560  |Debug:   [Kingston Fury DDR4/5 DRAM] 63 register already set &61=FF
8560  |Debug:   [Kingston Fury DDR4/5 DRAM] 61 register already set &60=00
8560  |Debug:   [Kingston Fury DDR4/5 DRAM] 63 register already set &60=00
8560  |Debug:   [Kingston Fury DDR4/5 DRAM] 61 register already set &62=FF
8560  |Debug:   [Kingston Fury DDR4/5 DRAM] 63 register already set &62=FF
8560  |Debug:   [Kingston Fury DDR4/5 DRAM] 61 register already set &64=FF
8560  |Debug:   [Kingston Fury DDR4/5 DRAM] 63 register already set &64=FF
8560  |Debug:   [Kingston Fury DDR4/5 DRAM] 61 register already set &63=00
8560  |Debug:   [Kingston Fury DDR4/5 DRAM] 63 register already set &63=00
8560  |Debug:   [Kingston Fury DDR4/5 DRAM] 61 register already set &65=FF
8560  |Debug:   [Kingston Fury DDR4/5 DRAM] 63 register already set &65=FF
8560  |Debug:   [Kingston Fury DDR4/5 DRAM] 61 register already set &67=FF
8560  |Debug:   [Kingston Fury DDR4/5 DRAM] 63 register already set &67=FF
8560  |Debug:   [Kingston Fury DDR4/5 DRAM] 61 register already set &66=00
8560  |Debug:   [Kingston Fury DDR4/5 DRAM] 63 register already set &66=00
8560  |Debug:   [Kingston Fury DDR4/5 DRAM] 61 register already set &68=FF
8560  |Debug:   [Kingston Fury DDR4/5 DRAM] 63 register already set &68=FF
8560  |Debug:   [Kingston Fury DDR4/5 DRAM] 61 register already set &6A=FF
8560  |Debug:   [Kingston Fury DDR4/5 DRAM] 63 register already set &6A=FF
8560  |Debug:   [Kingston Fury DDR4/5 DRAM] 61 register already set &69=00
8560  |Debug:   [Kingston Fury DDR4/5 DRAM] 63 register already set &69=00
8560  |Debug:   [Kingston Fury DDR4/5 DRAM] 61 register already set &6B=FF
8560  |Debug:   [Kingston Fury DDR4/5 DRAM] 63 register already set &6B=FF
8560  |Debug:   [Kingston Fury DDR4/5 DRAM] 61 register already set &6D=FF
8560  |Debug:   [Kingston Fury DDR4/5 DRAM] 63 register already set &6D=FF
8560  |Debug:   [Kingston Fury DDR4/5 DRAM] 61 register already set &6C=00
8560  |Debug:   [Kingston Fury DDR4/5 DRAM] 63 register already set &6C=00
8560  |Debug:   [Kingston Fury DDR4/5 DRAM] 61 register already set &6E=FF
8560  |Debug:   [Kingston Fury DDR4/5 DRAM] 63 register already set &6E=FF
8560  |Debug:   [Kingston Fury DDR4/5 DRAM] 61 register already set &70=FF
8560  |Debug:   [Kingston Fury DDR4/5 DRAM] 63 register already set &70=FF
8560  |Debug:   [Kingston Fury DDR4/5 DRAM] 61 register already set &6F=00
8560  |Debug:   [Kingston Fury DDR4/5 DRAM] 63 register already set &6F=00
8560  |Debug:   [Kingston Fury DDR4/5 DRAM] 61 register already set &71=FF
8560  |Debug:   [Kingston Fury DDR4/5 DRAM] 63 register already set &71=FF
8560  |Debug:   [Kingston Fury DDR4/5 DRAM] 61 register already set &73=FF
8560  |Debug:   [Kingston Fury DDR4/5 DRAM] 63 register already set &73=FF
8560  |Debug:   [Kingston Fury DDR4/5 DRAM] 61 register already set &72=00
8560  |Debug:   [Kingston Fury DDR4/5 DRAM] 63 register already set &72=00
8560  |Debug:   [Kingston Fury DDR4/5 DRAM] 61 register already set &20=50
8560  |Debug:   [Kingston Fury DDR4/5 DRAM] 63 register already set &20=50
8560  |Debug:   [Kingston Fury DDR4/5 DRAM] 61 register already set &27=02
8560  |Debug:   [Kingston Fury DDR4/5 DRAM] 63 register already set &27=02
8560  |Debug:   [Kingston Fury DDR4/5 DRAM] 61 ending transaction
8562  |Debug:   [Kingston Fury DDR4/5 DRAM] 61 setting register &08=44; res=00
8562  |Debug:   [Kingston Fury DDR4/5 DRAM] 63 ending transaction
8564  |Debug:   [Kingston Fury DDR4/5 DRAM] 63 setting register &08=44; res=00
8574  |Debug:   [CLI] Mode uses per-LED color, also updating LEDs
8583  |Debug:   [Candy companion chip] LED command: zone=0 mode=1 RGB=FF00FF request=07/0B/37 reply=07/0B/37 bytes=20
8583  |Debug:   [CLI] Updating mode for Candy companion chip to 1
8587  |Debug:   [Candy companion chip] LED command: zone=0 mode=1 RGB=FF00FF request=07/0B/37 reply=07/0B/37 bytes=20
8587  |Debug:   [CLI] Mode uses per-LED color, also updating LEDs
8632  |Debug:   [G502 X PLUS] LED command: zone=0 mode=1 RGB=FF00FF request=01/09/17 reply=01/09/17 bytes=20
8632  |Debug:   [CLI] Updating mode for G502 X PLUS to 1
8660  |Debug:   [G502 X PLUS] LED command: zone=0 mode=1 RGB=FF00FF request=01/09/17 reply=01/09/17 bytes=20
8660  |Debug:   [CLI] Mode uses per-LED color, also updating LEDs
8671  |Debug:   [CLI] Updating mode for ASUS ROG MAXIMUS Z790 FORMULA to 0
8681  |Debug:   [CLI] Mode uses per-LED color, also updating LEDs
8804  |Debug:   [CLI] Updating mode for NVIDIA GeForce RTX 4090 FE to 1
8927  |Debug:   [CLI] Mode uses per-LED color, also updating LEDs
