2026-09-17T20:44:26.7165919-07:00 start
2026-09-17T20:44:31.4477691-07:00 11-01-09-57-00-03-05-00-00-00-00-00-00-00-00-00-00-00-00-00
2026-09-17T20:44:31.4537766-07:00 11-01-09-87-00-01-00-00-00-00-00-00-00-00-00-00-00-00-00-00
2026-09-17T20:44:39.8705287-07:00 11-01-09-5C-00-03-05-00-00-00-00-00-00-00-00-00-00-00-00-00
2026-09-17T20:44:39.8785576-07:00 11-01-09-8C-00-01-00-00-00-00-00-00-00-00-00-00-00-00-00-00
2026-09-17T20:44:55.0095068-07:00 11-01-09-5C-00-03-05-00-00-00-00-00-00-00-00-00-00-00-00-00
2026-09-17T20:44:55.0165625-07:00 11-01-09-8C-00-01-00-00-00-00-00-00-00-00-00-00-00-00-00-00
2026-09-17T20:45:01.4985620-07:00 11-01-09-57-00-03-05-00-00-00-00-00-00-00-00-00-00-00-00-00
2026-09-17T20:45:01.5075738-07:00 11-01-09-87-00-01-00-00-00-00-00-00-00-00-00-00-00-00-00-00
2026-09-17T20:45:10.1566934-07:00 11-01-09-5C-00-03-05-00-00-00-00-00-00-00-00-00-00-00-00-00
2026-09-17T20:45:10.1657182-07:00 11-01-09-8C-00-01-00-00-00-00-00-00-00-00-00-00-00-00-00-00
2026-09-17T20:45:25.2948548-07:00 11-01-09-5C-00-03-05-00-00-00-00-00-00-00-00-00-00-00-00-00
2026-09-17T20:45:25.3013743-07:00 11-01-09-8C-00-01-00-00-00-00-00-00-00-00-00-00-00-00-00-00
2026-09-17T20:45:31.6014796-07:00 11-01-09-57-00-03-05-00-00-00-00-00-00-00-00-00-00-00-00-00
2026-09-17T20:45:31.6089954-07:00 11-01-09-87-00-01-00-00-00-00-00-00-00-00-00-00-00-00-00-00
2026-09-17T20:45:40.4251648-07:00 11-01-09-5C-00-03-05-00-00-00-00-00-00-00-00-00-00-00-00-00
2026-09-17T20:45:40.4306717-07:00 11-01-09-8C-00-01-00-00-00-00-00-00-00-00-00-00-00-00-00-00
2026-09-17T20:45:55.5483565-07:00 11-01-09-5C-00-03-05-00-00-00-00-00-00-00-00-00-00-00-00-00
2026-09-17T20:45:55.5574226-07:00 11-01-09-8C-00-01-00-00-00-00-00-00-00-00-00-00-00-00-00-00
2026-09-17T20:46:01.6831233-07:00 11-01-09-57-00-03-05-00-00-00-00-00-00-00-00-00-00-00-00-00
2026-09-17T20:46:01.6931689-07:00 11-01-09-87-00-01-00-00-00-00-00-00-00-00-00-00-00-00-00-00
2026-09-17T20:46:10.6844379-07:00 11-01-09-5C-00-03-05-00-00-00-00-00-00-00-00-00-00-00-00-00
2026-09-17T20:46:10.6933425-07:00 11-01-09-8C-00-01-00-00-00-00-00-00-00-00-00-00-00-00-00-00
2026-09-17T20:46:25.8220143-07:00 11-01-09-5C-00-03-05-00-00-00-00-00-00-00-00-00-00-00-00-00
2026-09-17T20:46:25.8290455-07:00 11-01-09-8C-00-01-00-00-00-00-00-00-00-00-00-00-00-00-00-00
2026-09-17T20:46:31.7682329-07:00 11-01-09-57-00-03-05-00-00-00-00-00-00-00-00-00-00-00-00-00
2026-09-17T20:46:31.7772881-07:00 11-01-09-87-00-01-00-00-00-00-00-00-00-00-00-00-00-00-00-00
2026-09-17T20:46:40.9422545-07:00 11-01-09-5C-00-03-05-00-00-00-00-00-00-00-00-00-00-00-00-00
2026-09-17T20:46:40.9502784-07:00 11-01-09-8C-00-01-00-00-00-00-00-00-00-00-00-00-00-00-00-00
2026-09-17T20:46:56.0803563-07:00 11-01-09-5C-00-03-05-00-00-00-00-00-00-00-00-00-00-00-00-00
2026-09-17T20:46:56.0873951-07:00 11-01-09-8C-00-01-00-00-00-00-00-00-00-00-00-00-00-00-00-00
2026-09-17T20:47:01.8878385-07:00 11-01-09-57-00-03-05-00-00-00-00-00-00-00-00-00-00-00-00-00
2026-09-17T20:47:01.8963502-07:00 11-01-09-87-00-01-00-00-00-00-00-00-00-00-00-00-00-00-00-00
2026-09-17T20:47:11.2210443-07:00 11-01-09-5C-00-03-05-00-00-00-00-00-00-00-00-00-00-00-00-00
2026-09-17T20:47:11.2300715-07:00 11-01-09-8C-00-01-00-00-00-00-00-00-00-00-00-00-00-00-00-00
2026-09-17T20:47:26.3537261-07:00 11-01-09-5C-00-03-05-00-00-00-00-00-00-00-00-00-00-00-00-00
2026-09-17T20:47:26.3637535-07:00 11-01-09-8C-00-01-00-00-00-00-00-00-00-00-00-00-00-00-00-00
2026-09-17T20:47:31.9618799-07:00 11-01-09-57-00-03-05-00-00-00-00-00-00-00-00-00-00-00-00-00
2026-09-17T20:47:31.9714694-07:00 11-01-09-87-00-01-00-00-00-00-00-00-00-00-00-00-00-00-00-00
2026-09-17T20:47:41.5009817-07:00 11-01-09-5C-00-03-05-00-00-00-00-00-00-00-00-00-00-00-00-00
2026-09-17T20:47:41.5076265-07:00 11-01-09-8C-00-01-00-00-00-00-00-00-00-00-00-00-00-00-00-00
2026-09-17T20:47:45.4538384-07:00 11-01-06-00-4E-08-00-00-00-00-00-00-00-00-00-00-00-00-00-00
2026-09-17T20:47:45.8475281-07:00 11-01-06-00-4E-08-01-02-00-00-00-00-00-00-00-00-00-00-00-00
2026-09-17T20:47:56.6391016-07:00 11-01-09-5C-00-03-05-00-00-00-00-00-00-00-00-00-00-00-00-00
2026-09-17T20:47:56.6481218-07:00 11-01-09-8C-00-01-00-00-00-00-00-00-00-00-00-00-00-00-00-00
2026-09-17T20:48:02.0389108-07:00 11-01-09-57-00-03-05-00-00-00-00-00-00-00-00-00-00-00-00-00
2026-09-17T20:48:02.0474654-07:00 11-01-09-87-00-01-00-00-00-00-00-00-00-00-00-00-00-00-00-00
2026-09-17T20:48:11.7683079-07:00 11-01-09-5C-00-03-05-00-00-00-00-00-00-00-00-00-00-00-00-00
2026-09-17T20:48:11.7763261-07:00 11-01-09-8C-00-01-00-00-00-00-00-00-00-00-00-00-00-00-00-00
2026-09-17T20:48:26.8998818-07:00 11-01-09-5C-00-03-05-00-00-00-00-00-00-00-00-00-00-00-00-00
2026-09-17T20:48:26.9084793-07:00 11-01-09-8C-00-01-00-00-00-00-00-00-00-00-00-00-00-00-00-00
2026-09-17T20:48:32.1454640-07:00 11-01-09-57-00-03-05-00-00-00-00-00-00-00-00-00-00-00-00-00
2026-09-17T20:48:32.1544998-07:00 11-01-09-87-00-01-00-00-00-00-00-00-00-00-00-00-00-00-00-00
2026-09-17T20:48:42.0409539-07:00 11-01-09-5C-00-03-05-00-00-00-00-00-00-00-00-00-00-00-00-00
2026-09-17T20:48:42.0499819-07:00 11-01-09-8C-00-01-00-00-00-00-00-00-00-00-00-00-00-00-00-00
2026-09-17T20:48:57.1935751-07:00 11-01-09-5C-00-03-05-00-00-00-00-00-00-00-00-00-00-00-00-00
2026-09-17T20:48:57.2020905-07:00 11-01-09-8C-00-01-00-00-00-00-00-00-00-00-00-00-00-00-00-00
2026-09-17T20:49:01.5691728-07:00 11-01-09-87-00-01-00-00-00-00-00-00-00-00-00-00-00-00-00-00
2026-09-17T20:49:01.5786869-07:00 11-01-09-57-00-03-05-00-00-00-00-00-00-00-00-00-00-00-00-00
2026-09-17T20:49:01.5877061-07:00 11-01-09-87-00-01-00-00-00-00-00-00-00-00-00-00-00-00-00-00
2026-09-17T20:49:01.5962131-07:00 11-01-09-57-00-03-05-00-00-00-00-00-00-00-00-00-00-00-00-00
2026-09-17T20:49:01.6052277-07:00 11-01-09-87-00-01-00-00-00-00-00-00-00-00-00-00-00-00-00-00
2026-09-17T20:49:01.6147566-07:00 11-01-09-17-00-00-00-00-00-00-00-00-00-00-00-00-00-00-00-00
2026-09-17T20:49:12.3264252-07:00 11-01-09-5C-00-03-05-00-00-00-00-00-00-00-00-00-00-00-00-00
2026-09-17T20:49:12.3329424-07:00 11-01-09-8C-00-01-00-00-00-00-00-00-00-00-00-00-00-00-00-00
2026-09-17T20:49:27.4591625-07:00 11-01-09-5C-00-03-05-00-00-00-00-00-00-00-00-00-00-00-00-00
2026-09-17T20:49:27.4681916-07:00 11-01-09-8C-00-01-00-00-00-00-00-00-00-00-00-00-00-00-00-00
2026-09-17T20:49:31.7451466-07:00 11-01-09-57-00-03-05-00-00-00-00-00-00-00-00-00-00-00-00-00
2026-09-17T20:49:31.7541803-07:00 11-01-09-87-00-01-00-00-00-00-00-00-00-00-00-00-00-00-00-00
2026-09-17T20:49:42.5957832-07:00 11-01-09-5C-00-03-05-00-00-00-00-00-00-00-00-00-00-00-00-00
2026-09-17T20:49:42.6023036-07:00 11-01-09-8C-00-01-00-00-00-00-00-00-00-00-00-00-00-00-00-00
2026-09-17T20:49:57.7270712-07:00 11-01-09-5C-00-03-05-00-00-00-00-00-00-00-00-00-00-00-00-00
2026-09-17T20:49:57.7361342-07:00 11-01-09-8C-00-01-00-00-00-00-00-00-00-00-00-00-00-00-00-00
2026-09-17T20:50:01.8119660-07:00 11-01-09-57-00-03-05-00-00-00-00-00-00-00-00-00-00-00-00-00
2026-09-17T20:50:01.8209806-07:00 11-01-09-87-00-01-00-00-00-00-00-00-00-00-00-00-00-00-00-00
2026-09-17T20:50:12.8621936-07:00 11-01-09-5C-00-03-05-00-00-00-00-00-00-00-00-00-00-00-00-00
2026-09-17T20:50:12.8677085-07:00 11-01-09-8C-00-01-00-00-00-00-00-00-00-00-00-00-00-00-00-00
2026-09-17T20:50:28.0003868-07:00 11-01-09-5C-00-03-05-00-00-00-00-00-00-00-00-00-00-00-00-00
2026-09-17T20:50:28.0094142-07:00 11-01-09-8C-00-01-00-00-00-00-00-00-00-00-00-00-00-00-00-00
2026-09-17T20:50:31.8635794-07:00 11-01-09-57-00-03-05-00-00-00-00-00-00-00-00-00-00-00-00-00
2026-09-17T20:50:31.8686033-07:00 11-01-09-87-00-01-00-00-00-00-00-00-00-00-00-00-00-00-00-00
2026-09-17T20:50:43.1429751-07:00 11-01-09-5C-00-03-05-00-00-00-00-00-00-00-00-00-00-00-00-00
2026-09-17T20:50:43.1509963-07:00 11-01-09-8C-00-01-00-00-00-00-00-00-00-00-00-00-00-00-00-00
2026-09-17T20:50:58.2815837-07:00 11-01-09-5C-00-03-05-00-00-00-00-00-00-00-00-00-00-00-00-00
2026-09-17T20:50:58.2881143-07:00 11-01-09-8C-00-01-00-00-00-00-00-00-00-00-00-00-00-00-00-00
2026-09-17T20:51:01.9134008-07:00 11-01-09-57-00-03-05-00-00-00-00-00-00-00-00-00-00-00-00-00
2026-09-17T20:51:01.9179504-07:00 11-01-09-87-00-01-00-00-00-00-00-00-00-00-00-00-00-00-00-00
2026-09-17T20:51:13.4184327-07:00 11-01-09-5C-00-03-05-00-00-00-00-00-00-00-00-00-00-00-00-00
2026-09-17T20:51:13.4244449-07:00 11-01-09-8C-00-01-00-00-00-00-00-00-00-00-00-00-00-00-00-00
2026-09-17T20:51:28.5501612-07:00 11-01-09-5C-00-03-05-00-00-00-00-00-00-00-00-00-00-00-00-00
2026-09-17T20:51:28.5571823-07:00 11-01-09-8C-00-01-00-00-00-00-00-00-00-00-00-00-00-00-00-00
2026-09-17T20:51:31.9649819-07:00 11-01-09-57-00-03-05-00-00-00-00-00-00-00-00-00-00-00-00-00
2026-09-17T20:51:31.9739994-07:00 11-01-09-87-00-01-00-00-00-00-00-00-00-00-00-00-00-00-00-00
2026-09-17T20:51:43.6772310-07:00 11-01-09-5C-00-03-05-00-00-00-00-00-00-00-00-00-00-00-00-00
2026-09-17T20:51:43.6857961-07:00 11-01-09-8C-00-01-00-00-00-00-00-00-00-00-00-00-00-00-00-00
2026-09-17T20:51:58.8196020-07:00 11-01-09-5C-00-03-05-00-00-00-00-00-00-00-00-00-00-00-00-00
2026-09-17T20:51:58.8286163-07:00 11-01-09-8C-00-01-00-00-00-00-00-00-00-00-00-00-00-00-00-00
2026-09-17T20:52:02.0206331-07:00 11-01-09-57-00-03-05-00-00-00-00-00-00-00-00-00-00-00-00-00
2026-09-17T20:52:02.0297216-07:00 11-01-09-87-00-01-00-00-00-00-00-00-00-00-00-00-00-00-00-00
2026-09-17T20:52:13.9559503-07:00 11-01-09-5C-00-03-05-00-00-00-00-00-00-00-00-00-00-00-00-00
2026-09-17T20:52:13.9689844-07:00 11-01-09-8C-00-01-00-00-00-00-00-00-00-00-00-00-00-00-00-00
2026-09-17T20:52:29.0960932-07:00 11-01-09-5C-00-03-05-00-00-00-00-00-00-00-00-00-00-00-00-00
2026-09-17T20:52:29.1051070-07:00 11-01-09-8C-00-01-00-00-00-00-00-00-00-00-00-00-00-00-00-00
2026-09-17T20:52:32.0730590-07:00 11-01-09-57-00-03-05-00-00-00-00-00-00-00-00-00-00-00-00-00
2026-09-17T20:52:32.0790799-07:00 11-01-09-87-00-01-00-00-00-00-00-00-00-00-00-00-00-00-00-00
2026-09-17T20:52:44.2290333-07:00 11-01-09-5C-00-03-05-00-00-00-00-00-00-00-00-00-00-00-00-00
2026-09-17T20:52:44.2400553-07:00 11-01-09-8C-00-01-00-00-00-00-00-00-00-00-00-00-00-00-00-00
2026-09-17T20:52:59.3635375-07:00 11-01-09-5C-00-03-05-00-00-00-00-00-00-00-00-00-00-00-00-00
2026-09-17T20:52:59.3725519-07:00 11-01-09-8C-00-01-00-00-00-00-00-00-00-00-00-00-00-00-00-00
2026-09-17T20:53:02.1337786-07:00 11-01-09-57-00-03-05-00-00-00-00-00-00-00-00-00-00-00-00-00
2026-09-17T20:53:02.1427939-07:00 11-01-09-87-00-01-00-00-00-00-00-00-00-00-00-00-00-00-00-00
2026-09-17T20:53:14.4939622-07:00 11-01-09-5C-00-03-05-00-00-00-00-00-00-00-00-00-00-00-00-00
2026-09-17T20:53:14.5029812-07:00 11-01-09-8C-00-01-00-00-00-00-00-00-00-00-00-00-00-00-00-00
2026-09-17T20:53:29.6258978-07:00 11-01-09-5C-00-03-05-00-00-00-00-00-00-00-00-00-00-00-00-00
2026-09-17T20:53:29.6329178-07:00 11-01-09-8C-00-01-00-00-00-00-00-00-00-00-00-00-00-00-00-00
2026-09-17T20:53:32.1831036-07:00 11-01-09-57-00-03-05-00-00-00-00-00-00-00-00-00-00-00-00-00
2026-09-17T20:53:32.1921344-07:00 11-01-09-87-00-01-00-00-00-00-00-00-00-00-00-00-00-00-00-00
2026-09-17T20:53:44.7568092-07:00 11-01-09-5C-00-03-05-00-00-00-00-00-00-00-00-00-00-00-00-00
2026-09-17T20:53:44.7663320-07:00 11-01-09-8C-00-01-00-00-00-00-00-00-00-00-00-00-00-00-00-00
2026-09-17T20:53:59.8936781-07:00 11-01-09-5C-00-03-05-00-00-00-00-00-00-00-00-00-00-00-00-00
2026-09-17T20:53:59.9027092-07:00 11-01-09-8C-00-01-00-00-00-00-00-00-00-00-00-00-00-00-00-00
2026-09-17T20:54:01.7356191-07:00 11-01-09-87-00-01-00-00-00-00-00-00-00-00-00-00-00-00-00-00
2026-09-17T20:54:01.7436309-07:00 11-01-09-57-00-03-05-00-00-00-00-00-00-00-00-00-00-00-00-00
2026-09-17T20:54:01.7491431-07:00 11-01-09-87-00-01-00-00-00-00-00-00-00-00-00-00-00-00-00-00
2026-09-17T20:54:01.7556522-07:00 11-01-09-57-00-03-05-00-00-00-00-00-00-00-00-00-00-00-00-00
2026-09-17T20:54:01.7616667-07:00 11-01-09-87-00-01-00-00-00-00-00-00-00-00-00-00-00-00-00-00
2026-09-17T20:54:01.7661733-07:00 11-01-09-17-00-00-00-00-00-00-00-00-00-00-00-00-00-00-00-00
2026-09-17T20:54:15.0299432-07:00 11-01-09-5C-00-03-05-00-00-00-00-00-00-00-00-00-00-00-00-00
2026-09-17T20:54:15.0384606-07:00 11-01-09-8C-00-01-00-00-00-00-00-00-00-00-00-00-00-00-00-00
2026-09-17T20:54:30.1609833-07:00 11-01-09-5C-00-03-05-00-00-00-00-00-00-00-00-00-00-00-00-00
2026-09-17T20:54:30.1690010-07:00 11-01-09-8C-00-01-00-00-00-00-00-00-00-00-00-00-00-00-00-00
2026-09-17T20:54:31.7843019-07:00 11-01-09-57-00-03-05-00-00-00-00-00-00-00-00-00-00-00-00-00
2026-09-17T20:54:31.7933166-07:00 11-01-09-87-00-01-00-00-00-00-00-00-00-00-00-00-00-00-00-00
2026-09-17T20:54:45.2865319-07:00 11-01-09-5C-00-03-05-00-00-00-00-00-00-00-00-00-00-00-00-00
2026-09-17T20:54:45.2945414-07:00 11-01-09-8C-00-01-00-00-00-00-00-00-00-00-00-00-00-00-00-00
2026-09-17T20:54:58.1038170-07:00 11-01-06-00-4F-08-01-02-00-00-00-00-00-00-00-00-00-00-00-00
2026-09-17T20:55:00.4147702-07:00 11-01-09-5C-00-03-05-00-00-00-00-00-00-00-00-00-00-00-00-00
2026-09-17T20:55:00.4207850-07:00 11-01-09-8C-00-01-00-00-00-00-00-00-00-00-00-00-00-00-00-00
2026-09-17T20:55:01.8381318-07:00 11-01-09-57-00-03-05-00-00-00-00-00-00-00-00-00-00-00-00-00
2026-09-17T20:55:01.8456406-07:00 11-01-09-87-00-01-00-00-00-00-00-00-00-00-00-00-00-00-00-00
2026-09-17T20:55:15.5536044-07:00 11-01-09-5C-00-03-05-00-00-00-00-00-00-00-00-00-00-00-00-00
2026-09-17T20:55:15.5626488-07:00 11-01-09-8C-00-01-00-00-00-00-00-00-00-00-00-00-00-00-00-00
2026-09-17T20:55:30.6890747-07:00 11-01-09-5C-00-03-05-00-00-00-00-00-00-00-00-00-00-00-00-00
2026-09-17T20:55:30.6981088-07:00 11-01-09-8C-00-01-00-00-00-00-00-00-00-00-00-00-00-00-00-00
2026-09-17T20:55:31.8921727-07:00 11-01-09-57-00-03-05-00-00-00-00-00-00-00-00-00-00-00-00-00
2026-09-17T20:55:31.9006875-07:00 11-01-09-87-00-01-00-00-00-00-00-00-00-00-00-00-00-00-00-00
2026-09-17T20:55:45.8228315-07:00 11-01-09-5C-00-03-05-00-00-00-00-00-00-00-00-00-00-00-00-00
2026-09-17T20:55:45.8313464-07:00 11-01-09-8C-00-01-00-00-00-00-00-00-00-00-00-00-00-00-00-00
